Archive member included to satisfy reference by file (symbol)

f:/stm32/win-dev-tools/gcc-arm-none-eabi/bin/../lib/gcc/arm-none-eabi/10.3.1/../../../../arm-none-eabi/lib/thumb/v7-m/nofp\libc_nano.a(lib_a-errno.o)
                              build/syscalls.o (__errno)
f:/stm32/win-dev-tools/gcc-arm-none-eabi/bin/../lib/gcc/arm-none-eabi/10.3.1/../../../../arm-none-eabi/lib/thumb/v7-m/nofp\libc_nano.a(lib_a-exit.o)
                              f:/stm32/win-dev-tools/gcc-arm-none-eabi/bin/../lib/gcc/arm-none-eabi/10.3.1/../../../../arm-none-eabi/lib/thumb/v7-m/nofp/crt0.o (exit)
f:/stm32/win-dev-tools/gcc-arm-none-eabi/bin/../lib/gcc/arm-none-eabi/10.3.1/../../../../arm-none-eabi/lib/thumb/v7-m/nofp\libc_nano.a(lib_a-impure.o)
                              f:/stm32/win-dev-tools/gcc-arm-none-eabi/bin/../lib/gcc/arm-none-eabi/10.3.1/../../../../arm-none-eabi/lib/thumb/v7-m/nofp\libc_nano.a(lib_a-exit.o) (_global_impure_ptr)
f:/stm32/win-dev-tools/gcc-arm-none-eabi/bin/../lib/gcc/arm-none-eabi/10.3.1/../../../../arm-none-eabi/lib/thumb/v7-m/nofp\libc_nano.a(lib_a-init.o)
                              f:/stm32/win-dev-tools/gcc-arm-none-eabi/bin/../lib/gcc/arm-none-eabi/10.3.1/../../../../arm-none-eabi/lib/thumb/v7-m/nofp/crt0.o (__libc_init_array)
f:/stm32/win-dev-tools/gcc-arm-none-eabi/bin/../lib/gcc/arm-none-eabi/10.3.1/../../../../arm-none-eabi/lib/thumb/v7-m/nofp\libc_nano.a(lib_a-memcpy-stub.o)
                              build/ssd1306.o (memcpy)
f:/stm32/win-dev-tools/gcc-arm-none-eabi/bin/../lib/gcc/arm-none-eabi/10.3.1/../../../../arm-none-eabi/lib/thumb/v7-m/nofp\libc_nano.a(lib_a-memmove.o)
                              build/ssd1306_tests.o (memmove)
f:/stm32/win-dev-tools/gcc-arm-none-eabi/bin/../lib/gcc/arm-none-eabi/10.3.1/../../../../arm-none-eabi/lib/thumb/v7-m/nofp\libc_nano.a(lib_a-memset.o)
                              f:/stm32/win-dev-tools/gcc-arm-none-eabi/bin/../lib/gcc/arm-none-eabi/10.3.1/../../../../arm-none-eabi/lib/thumb/v7-m/nofp/crt0.o (memset)
f:/stm32/win-dev-tools/gcc-arm-none-eabi/bin/../lib/gcc/arm-none-eabi/10.3.1/../../../../arm-none-eabi/lib/thumb/v7-m/nofp\libc_nano.a(lib_a-nano-vfprintf_float.o)
                              (_printf_float)
f:/stm32/win-dev-tools/gcc-arm-none-eabi/bin/../lib/gcc/arm-none-eabi/10.3.1/../../../../arm-none-eabi/lib/thumb/v7-m/nofp\libc_nano.a(lib_a-nano-vfprintf_i.o)
                              f:/stm32/win-dev-tools/gcc-arm-none-eabi/bin/../lib/gcc/arm-none-eabi/10.3.1/../../../../arm-none-eabi/lib/thumb/v7-m/nofp\libc_nano.a(lib_a-nano-vfprintf_float.o) (_printf_common)
f:/stm32/win-dev-tools/gcc-arm-none-eabi/bin/../lib/gcc/arm-none-eabi/10.3.1/../../../../arm-none-eabi/lib/thumb/v7-m/nofp\libc_nano.a(lib_a-nano-vfscanf_float.o)
                              (_scanf_float)
f:/stm32/win-dev-tools/gcc-arm-none-eabi/bin/../lib/gcc/arm-none-eabi/10.3.1/../../../../arm-none-eabi/lib/thumb/v7-m/nofp\libc_nano.a(lib_a-sf_nan.o)
                              f:/stm32/win-dev-tools/gcc-arm-none-eabi/bin/../lib/gcc/arm-none-eabi/10.3.1/../../../../arm-none-eabi/lib/thumb/v7-m/nofp\libc_nano.a(lib_a-nano-vfscanf_float.o) (nanf)
f:/stm32/win-dev-tools/gcc-arm-none-eabi/bin/../lib/gcc/arm-none-eabi/10.3.1/../../../../arm-none-eabi/lib/thumb/v7-m/nofp\libc_nano.a(lib_a-snprintf.o)
                              build/ssd1306_tests.o (snprintf)
f:/stm32/win-dev-tools/gcc-arm-none-eabi/bin/../lib/gcc/arm-none-eabi/10.3.1/../../../../arm-none-eabi/lib/thumb/v7-m/nofp\libc_nano.a(lib_a-sprintf.o)
                              f:/stm32/win-dev-tools/gcc-arm-none-eabi/bin/../lib/gcc/arm-none-eabi/10.3.1/../../../../arm-none-eabi/lib/thumb/v7-m/nofp\libc_nano.a(lib_a-nano-vfscanf_float.o) (sprintf)
f:/stm32/win-dev-tools/gcc-arm-none-eabi/bin/../lib/gcc/arm-none-eabi/10.3.1/../../../../arm-none-eabi/lib/thumb/v7-m/nofp\libc_nano.a(lib_a-strlen.o)
                              f:/stm32/win-dev-tools/gcc-arm-none-eabi/bin/../lib/gcc/arm-none-eabi/10.3.1/../../../../arm-none-eabi/lib/thumb/v7-m/nofp\libc_nano.a(lib_a-nano-vfprintf_float.o) (strlen)
f:/stm32/win-dev-tools/gcc-arm-none-eabi/bin/../lib/gcc/arm-none-eabi/10.3.1/../../../../arm-none-eabi/lib/thumb/v7-m/nofp\libc_nano.a(lib_a-strtod.o)
                              f:/stm32/win-dev-tools/gcc-arm-none-eabi/bin/../lib/gcc/arm-none-eabi/10.3.1/../../../../arm-none-eabi/lib/thumb/v7-m/nofp\libc_nano.a(lib_a-nano-vfscanf_float.o) (_strtod_r)
f:/stm32/win-dev-tools/gcc-arm-none-eabi/bin/../lib/gcc/arm-none-eabi/10.3.1/../../../../arm-none-eabi/lib/thumb/v7-m/nofp\libc_nano.a(lib_a-strtol.o)
                              f:/stm32/win-dev-tools/gcc-arm-none-eabi/bin/../lib/gcc/arm-none-eabi/10.3.1/../../../../arm-none-eabi/lib/thumb/v7-m/nofp\libc_nano.a(lib_a-nano-vfscanf_float.o) (_strtol_r)
f:/stm32/win-dev-tools/gcc-arm-none-eabi/bin/../lib/gcc/arm-none-eabi/10.3.1/../../../../arm-none-eabi/lib/thumb/v7-m/nofp\libc_nano.a(lib_a-ctype_.o)
[...]
Memory Configuration

Name             Origin             Length             Attributes
RAM              0x20000000         0x00005000         xrw
FLASH            0x08000000         0x00010000         xr
*default*        0x00000000         0xffffffff

Linker script and memory map

LOAD f:/stm32/win-dev-tools/gcc-arm-none-eabi/bin/../lib/gcc/arm-none-eabi/10.3.1/thumb/v7-m/nofp/crti.o
LOAD f:/stm32/win-dev-tools/gcc-arm-none-eabi/bin/../lib/gcc/arm-none-eabi/10.3.1/thumb/v7-m/nofp/crtbegin.o
LOAD f:/stm32/win-dev-tools/gcc-arm-none-eabi/bin/../lib/gcc/arm-none-eabi/10.3.1/../../../../arm-none-eabi/lib/thumb/v7-m/nofp/crt0.o
LOAD build/main.o
LOAD build/gpio.o
LOAD build/i2c.o
LOAD build/stm32f1xx_it.o
LOAD build/stm32f1xx_hal_msp.o
LOAD build/stm32f1xx_hal_gpio_ex.o
LOAD build/stm32f1xx_hal_i2c.o
LOAD build/stm32f1xx_hal.o
LOAD build/stm32f1xx_hal_rcc.o
LOAD build/stm32f1xx_hal_rcc_ex.o
LOAD build/stm32f1xx_hal_gpio.o
LOAD build/stm32f1xx_hal_dma.o
LOAD build/stm32f1xx_hal_cortex.o
LOAD build/stm32f1xx_hal_pwr.o
LOAD build/stm32f1xx_hal_flash.o
LOAD build/stm32f1xx_hal_flash_ex.o
LOAD build/stm32f1xx_hal_exti.o
LOAD build/stm32f1xx_hal_tim.o
LOAD build/stm32f1xx_hal_tim_ex.o
LOAD build/system_stm32f1xx.o
LOAD build/MENU.o
LOAD build/ssd1306_fonts.o
LOAD build/ssd1306_tests.o
LOAD build/ssd1306.o
LOAD build/printf.o
LOAD build/syscalls.o
LOAD build/usart.o
LOAD build/stm32f1xx_hal_uart.o
LOAD build/startup_stm32f103xb.o
LOAD f:/stm32/win-dev-tools/gcc-arm-none-eabi/bin/../lib/gcc/arm-none-eabi/10.3.1/../../../../arm-none-eabi/lib/thumb/v7-m/nofp\libc_nano.a
LOAD f:/stm32/win-dev-tools/gcc-arm-none-eabi/bin/../lib/gcc/arm-none-eabi/10.3.1/../../../../arm-none-eabi/lib/thumb/v7-m/nofp\libm.a
LOAD f:/stm32/win-dev-tools/gcc-arm-none-eabi/bin/../lib/gcc/arm-none-eabi/10.3.1/../../../../arm-none-eabi/lib/thumb/v7-m/nofp\libnosys.a
START GROUP
LOAD f:/stm32/win-dev-tools/gcc-arm-none-eabi/bin/../lib/gcc/arm-none-eabi/10.3.1/thumb/v7-m/nofp\libgcc.a
LOAD f:/stm32/win-dev-tools/gcc-arm-none-eabi/bin/../lib/gcc/arm-none-eabi/10.3.1/../../../../arm-none-eabi/lib/thumb/v7-m/nofp\libc_nano.a
END GROUP
START GROUP
LOAD f:/stm32/win-dev-tools/gcc-arm-none-eabi/bin/../lib/gcc/arm-none-eabi/10.3.1/thumb/v7-m/nofp\libgcc.a
LOAD f:/stm32/win-dev-tools/gcc-arm-none-eabi/bin/../lib/gcc/arm-none-eabi/10.3.1/../../../../arm-none-eabi/lib/thumb/v7-m/nofp\libc_nano.a
END GROUP
LOAD f:/stm32/win-dev-tools/gcc-arm-none-eabi/bin/../lib/gcc/arm-none-eabi/10.3.1/thumb/v7-m/nofp/crtend.o
LOAD f:/stm32/win-dev-tools/gcc-arm-none-eabi/bin/../lib/gcc/arm-none-eabi/10.3.1/thumb/v7-m/nofp/crtn.o
                0x20005000                _estack = (ORIGIN (RAM) + LENGTH (RAM))
                0x00000200                _Min_Heap_Size = 0x200
                0x00000400                _Min_Stack_Size = 0x400

.isr_vector     0x08000000      0x10c
                0x08000000                . = ALIGN (0x4)
 *(.isr_vector)
 .isr_vector    0x08000000      0x10c build/startup_stm32f103xb.o
                0x08000000                g_pfnVectors
                0x0800010c                . = ALIGN (0x4)

.text           0x08000110     0xa5d0
                0x08000110                . = ALIGN (0x4)
 *(.text)
 .text          0x08000110       0x40 f:/stm32/win-dev-tools/gcc-arm-none-eabi/bin/../lib/gcc/arm-none-eabi/10.3.1/thumb/v7-m/nofp/crtbegin.o
 .text          0x08000150       0x10 f:/stm32/win-dev-tools/gcc-arm-none-eabi/bin/../lib/gcc/arm-none-eabi/10.3.1/../../../../arm-none-eabi/lib/thumb/v7-m/nofp\libc_nano.a(lib_a-strlen.o)
                0x08000150                strlen
 .text          0x08000160      0x378 f:/stm32/win-dev-tools/gcc-arm-none-eabi/bin/../lib/gcc/arm-none-eabi/10.3.1/thumb/v7-m/nofp\libgcc.a(_arm_addsubdf3.o)
                0x08000160                __aeabi_drsub
                0x08000168                __aeabi_dsub
                0x08000168                __subdf3
                0x0800016c                __aeabi_dadd
                0x0800016c                __adddf3
                0x080003e4                __floatunsidf
                0x080003e4                __aeabi_ui2d
                0x08000404                __floatsidf
                0x08000404                __aeabi_i2d
                0x08000428                __aeabi_f2d
                0x08000428                __extendsfdf2
                0x0800046c                __floatundidf
                0x0800046c                __aeabi_ul2d
                0x0800047c                __floatdidf
                0x0800047c                __aeabi_l2d
 .text          0x080004d8      0x424 f:/stm32/win-dev-tools/gcc-arm-none-eabi/bin/../lib/gcc/arm-none-eabi/10.3.1/thumb/v7-m/nofp\libgcc.a(_arm_muldivdf3.o)
                0x080004d8                __aeabi_dmul
                0x080004d8                __muldf3
                0x0800072c                __divdf3
                0x0800072c                __aeabi_ddiv
 .text          0x080008fc      0x110 f:/stm32/win-dev-tools/gcc-arm-none-eabi/bin/../lib/gcc/arm-none-eabi/10.3.1/thumb/v7-m/nofp\libgcc.a(_arm_cmpdf2.o)
                0x080008fc                __gtdf2
                0x080008fc                __gedf2
                0x08000904                __ltdf2
                0x08000904                __ledf2
                0x0800090c                __nedf2
                0x0800090c                __eqdf2
                0x0800090c                __cmpdf2
                0x08000988                __aeabi_cdrcmple
                0x08000998                __aeabi_cdcmpeq
                0x08000998                __aeabi_cdcmple
                0x080009a8                __aeabi_dcmpeq
                0x080009bc                __aeabi_dcmplt
                0x080009d0                __aeabi_dcmple
                0x080009e4                __aeabi_dcmpge
                0x080009f8                __aeabi_dcmpgt
 .text          0x08000a0c       0x2c f:/stm32/win-dev-tools/gcc-arm-none-eabi/bin/../lib/gcc/arm-none-eabi/10.3.1/thumb/v7-m/nofp\libgcc.a(_arm_unorddf2.o)
                0x08000a0c                __unorddf2
                0x08000a0c                __aeabi_dcmpun
 .text          0x08000a38       0x50 f:/stm32/win-dev-tools/gcc-arm-none-eabi/bin/../lib/gcc/arm-none-eabi/10.3.1/thumb/v7-m/nofp\libgcc.a(_arm_fixdfsi.o)
                0x08000a38                __aeabi_d2iz
                0x08000a38                __fixdfsi
 .text          0x08000a88       0x40 f:/stm32/win-dev-tools/gcc-arm-none-eabi/bin/../lib/gcc/arm-none-eabi/10.3.1/thumb/v7-m/nofp\libgcc.a(_arm_fixunsdfsi.o)
                0x08000a88                __aeabi_d2uiz
                0x08000a88                __fixunsdfsi
 .text          0x08000ac8       0xa0 f:/stm32/win-dev-tools/gcc-arm-none-eabi/bin/../lib/gcc/arm-none-eabi/10.3.1/thumb/v7-m/nofp\libgcc.a(_arm_truncdfsf2.o)
                0x08000ac8                __truncdfsf2
                0x08000ac8                __aeabi_d2f
 .text          0x08000b68      0x21c f:/stm32/win-dev-tools/gcc-arm-none-eabi/bin/../lib/gcc/arm-none-eabi/10.3.1/thumb/v7-m/nofp\libgcc.a(_arm_addsubsf3.o)
                0x08000b68                __aeabi_frsub
                0x08000b70                __subsf3
                0x08000b70                __aeabi_fsub
                0x08000b74                __aeabi_fadd
                0x08000b74                __addsf3
                0x08000cd4                __aeabi_ui2f
                0x08000cd4                __floatunsisf
                0x08000cdc                __aeabi_i2f
                0x08000cdc                __floatsisf
                0x08000cf8                __aeabi_ul2f
                0x08000cf8                __floatundisf
                0x08000d08                __aeabi_l2f
                0x08000d08                __floatdisf
 .text          0x08000d84      0x2a0 f:/stm32/win-dev-tools/gcc-arm-none-eabi/bin/../lib/gcc/arm-none-eabi/10.3.1/thumb/v7-m/nofp\libgcc.a(_arm_muldivsf3.o)
                0x08000d84                __mulsf3
                0x08000d84                __aeabi_fmul
                0x08000eec                __aeabi_fdiv
                0x08000eec                __divsf3
 .text          0x08001024       0xec f:/stm32/win-dev-tools/gcc-arm-none-eabi/bin/../lib/gcc/arm-none-eabi/10.3.1/thumb/v7-m/nofp\libgcc.a(_arm_cmpsf2.o)
                0x08001024                __gesf2
                0x08001024                __gtsf2
                0x0800102c                __lesf2
                0x0800102c                __ltsf2
                0x08001034                __nesf2
                0x08001034                __eqsf2
                0x08001034                __cmpsf2
                0x08001094                __aeabi_cfrcmple
                0x0800109c                __aeabi_cfcmpeq
                0x0800109c                __aeabi_cfcmple
                0x080010ac                __aeabi_fcmpeq
                0x080010c0                __aeabi_fcmplt
                0x080010d4                __aeabi_fcmple
                0x080010e8                __aeabi_fcmpge
                0x080010fc                __aeabi_fcmpgt
 .text          0x08001110       0x4c f:/stm32/win-dev-tools/gcc-arm-none-eabi/bin/../lib/gcc/arm-none-eabi/10.3.1/thumb/v7-m/nofp\libgcc.a(_arm_fixsfsi.o)
                0x08001110                __aeabi_f2iz
                0x08001110                __fixsfsi
 .text          0x0800115c       0x30 f:/stm32/win-dev-tools/gcc-arm-none-eabi/bin/../lib/gcc/arm-none-eabi/10.3.1/thumb/v7-m/nofp\libgcc.a(_aeabi_uldivmod.o)
                0x0800115c                __aeabi_uldivmod
 .text          0x0800118c       0x34 f:/stm32/win-dev-tools/gcc-arm-none-eabi/bin/../lib/gcc/arm-none-eabi/10.3.1/thumb/v7-m/nofp\libgcc.a(_fixdfdi.o)
                0x0800118c                __fixdfdi
                0x0800118c                __aeabi_d2lz
 .text          0x080011c0       0x3c f:/stm32/win-dev-tools/gcc-arm-none-eabi/bin/../lib/gcc/arm-none-eabi/10.3.1/thumb/v7-m/nofp\libgcc.a(_fixunsdfdi.o)
                0x080011c0                __fixunsdfdi
                0x080011c0                __aeabi_d2ulz
 .text          0x080011fc      0x2d4 f:/stm32/win-dev-tools/gcc-arm-none-eabi/bin/../lib/gcc/arm-none-eabi/10.3.1/thumb/v7-m/nofp\libgcc.a(_udivmoddi4.o)
                0x080011fc                __udivmoddi4
 .text          0x080014d0        0x4 f:/stm32/win-dev-tools/gcc-arm-none-eabi/bin/../lib/gcc/arm-none-eabi/10.3.1/thumb/v7-m/nofp\libgcc.a(_dvmd_tls.o)
                0x080014d0                __aeabi_idiv0
                0x080014d0                __aeabi_ldiv0
 *(.text*)
 .text.LoadUI   0x080014d4       0xa4 build/main.o
                0x080014d4                LoadUI
 .text.UpdateDisplayOnButtonPress
                0x08001578       0x4c build/main.o
                0x08001578                UpdateDisplayOnButtonPress
 .text.HAL_GPIO_EXTI_Callback
                0x080015c4       0x20 build/main.o
                0x080015c4                HAL_GPIO_EXTI_Callback
 .text.Error_Handler
                0x080015e4        0x4 build/main.o
                0x080015e4                Error_Handler
 .text.SystemClock_Config
                0x080015e8       0x64 build/main.o
                0x080015e8                SystemClock_Config
 .text.main     0x0800164c       0x20 build/main.o
                0x0800164c                main
 .text.MX_GPIO_Init
                0x0800166c       0xa8 build/gpio.o
                0x0800166c                MX_GPIO_Init
 .text.MX_I2C1_Init
                0x08001714       0x3c build/i2c.o
                0x08001714                MX_I2C1_Init
 .text.HAL_I2C_MspInit
                0x08001750       0x8c build/i2c.o
                0x08001750                HAL_I2C_MspInit
 .text.HAL_I2C_MspDeInit
                0x080017dc       0x3c build/i2c.o
                0x080017dc                HAL_I2C_MspDeInit
 .text.NMI_Handler
                0x08001818        0x2 build/stm32f1xx_it.o
                0x08001818                NMI_Handler
 .text.HardFault_Handler
                0x0800181a        0x2 build/stm32f1xx_it.o
                0x0800181a                HardFault_Handler
 .text.MemManage_Handler
                0x0800181c        0x2 build/stm32f1xx_it.o
                0x0800181c                MemManage_Handler
 .text.BusFault_Handler
                0x0800181e        0x2 build/stm32f1xx_it.o
                0x0800181e                BusFault_Handler
 .text.UsageFault_Handler
                0x08001820        0x2 build/stm32f1xx_it.o
                0x08001820                UsageFault_Handler
 .text.SVC_Handler
                0x08001822        0x2 build/stm32f1xx_it.o
                0x08001822                SVC_Handler
 .text.DebugMon_Handler
                0x08001824        0x2 build/stm32f1xx_it.o
                0x08001824                DebugMon_Handler
 .text.PendSV_Handler
                0x08001826        0x2 build/stm32f1xx_it.o
                0x08001826                PendSV_Handler
 .text.SysTick_Handler
                0x08001828        0x8 build/stm32f1xx_it.o
                0x08001828                SysTick_Handler
 .text.EXTI0_IRQHandler
                0x08001830        0xa build/stm32f1xx_it.o
                0x08001830                EXTI0_IRQHandler
 *fill*         0x0800183a        0x2 
 .text.HAL_MspInit
                0x0800183c       0x44 build/stm32f1xx_hal_msp.o
                0x0800183c                HAL_MspInit
 .text.I2C_IsAcknowledgeFailed
                0x08001880       0x32 build/stm32f1xx_hal_i2c.o
 .text.I2C_WaitOnFlagUntilTimeout
                0x080018b2       0xaa build/stm32f1xx_hal_i2c.o
 .text.I2C_WaitOnMasterAddressFlagUntilTimeout
                0x0800195c       0xd6 build/stm32f1xx_hal_i2c.o
 .text.I2C_WaitOnTXEFlagUntilTimeout
                0x08001a32       0x5e build/stm32f1xx_hal_i2c.o
 .text.I2C_RequestMemoryWrite
                0x08001a90       0xd8 build/stm32f1xx_hal_i2c.o
 .text.I2C_WaitOnBTFFlagUntilTimeout
                0x08001b68       0x5e build/stm32f1xx_hal_i2c.o
 *fill*         0x08001bc6        0x2 
 .text.HAL_I2C_Init
                0x08001bc8      0x1bc build/stm32f1xx_hal_i2c.o
                0x08001bc8                HAL_I2C_Init
 .text.HAL_I2C_DeInit
                0x08001d84       0x32 build/stm32f1xx_hal_i2c.o
                0x08001d84                HAL_I2C_DeInit
 *fill*         0x08001db6        0x2 
 .text.HAL_I2C_Mem_Write
                0x08001db8      0x164 build/stm32f1xx_hal_i2c.o
                0x08001db8                HAL_I2C_Mem_Write
 .text.HAL_InitTick
                0x08001f1c       0x4c build/stm32f1xx_hal.o
                0x08001f1c                HAL_InitTick
 .text.HAL_Init
                0x08001f68       0x24 build/stm32f1xx_hal.o
                0x08001f68                HAL_Init
 .text.HAL_IncTick
                0x08001f8c       0x18 build/stm32f1xx_hal.o
                0x08001f8c                HAL_IncTick
 .text.HAL_GetTick
                0x08001fa4        0xc build/stm32f1xx_hal.o
                0x08001fa4                HAL_GetTick
 .text.HAL_Delay
                0x08001fb0       0x28 build/stm32f1xx_hal.o
                0x08001fb0                HAL_Delay
 .text.RCC_Delay
                0x08001fd8       0x2c build/stm32f1xx_hal_rcc.o
 .text.HAL_RCC_OscConfig
                0x08002004      0x410 build/stm32f1xx_hal_rcc.o
                0x08002004                HAL_RCC_OscConfig
 .text.HAL_RCC_GetSysClockFreq
                0x08002414       0x54 build/stm32f1xx_hal_rcc.o
                0x08002414                HAL_RCC_GetSysClockFreq
 .text.HAL_RCC_ClockConfig
                0x08002468      0x16c build/stm32f1xx_hal_rcc.o
                0x08002468                HAL_RCC_ClockConfig
 .text.HAL_RCC_GetHCLKFreq
                0x080025d4        0xc build/stm32f1xx_hal_rcc.o
                0x080025d4                HAL_RCC_GetHCLKFreq
 .text.HAL_RCC_GetPCLK1Freq
                0x080025e0       0x20 build/stm32f1xx_hal_rcc.o
                0x080025e0                HAL_RCC_GetPCLK1Freq
 .text.HAL_RCC_GetPCLK2Freq
                0x08002600       0x20 build/stm32f1xx_hal_rcc.o
                0x08002600                HAL_RCC_GetPCLK2Freq
 .text.HAL_GPIO_Init
                0x08002620      0x224 build/stm32f1xx_hal_gpio.o
                0x08002620                HAL_GPIO_Init
 .text.HAL_GPIO_DeInit
                0x08002844      0x100 build/stm32f1xx_hal_gpio.o
                0x08002844                HAL_GPIO_DeInit
 .text.HAL_GPIO_ReadPin
                0x08002944        0xe build/stm32f1xx_hal_gpio.o
                0x08002944                HAL_GPIO_ReadPin
 .text.HAL_GPIO_WritePin
                0x08002952        0xc build/stm32f1xx_hal_gpio.o
                0x08002952                HAL_GPIO_WritePin
 .text.HAL_GPIO_TogglePin
                0x0800295e       0x12 build/stm32f1xx_hal_gpio.o
                0x0800295e                HAL_GPIO_TogglePin
 .text.HAL_GPIO_EXTI_IRQHandler
                0x08002970       0x1c build/stm32f1xx_hal_gpio.o
                0x08002970                HAL_GPIO_EXTI_IRQHandler
 .text.HAL_NVIC_SetPriorityGrouping
                0x0800298c       0x24 build/stm32f1xx_hal_cortex.o
                0x0800298c                HAL_NVIC_SetPriorityGrouping
 .text.HAL_NVIC_SetPriority
                0x080029b0       0x70 build/stm32f1xx_hal_cortex.o
                0x080029b0                HAL_NVIC_SetPriority
 .text.HAL_NVIC_EnableIRQ
                0x08002a20       0x1c build/stm32f1xx_hal_cortex.o
                0x08002a20                HAL_NVIC_EnableIRQ
 .text.HAL_SYSTICK_Config
                0x08002a3c       0x28 build/stm32f1xx_hal_cortex.o
                0x08002a3c                HAL_SYSTICK_Config
 .text.SystemInit
                0x08002a64        0x2 build/system_stm32f1xx.o
                0x08002a64                SystemInit
 *fill*         0x08002a66        0x2 
 .text.menu_command_callback
                0x08002a68       0xcc build/MENU.o
                0x08002a68                menu_command_callback
 .text.MENU_Information
                0x08002b34       0x34 build/MENU.o
                0x08002b34                MENU_Information
 .text.MENU_UpdateIndex
                0x08002b68       0x70 build/MENU.o
                0x08002b68                MENU_UpdateIndex
 .text.MENU_Event_and_Action
                0x08002bd8       0x52 build/MENU.o
                0x08002bd8                MENU_Event_and_Action
 .text.MENU_ShowOption
                0x08002c2a       0xc4 build/MENU.o
                0x08002c2a                MENU_ShowOption
 .text.MENU_HandleInit
                0x08002cee       0x46 build/MENU.o
                0x08002cee                MENU_HandleInit
 *fill*         0x08002d34        0x4 
 .text.MENU_ShowOptionList
                0x08002d38      0x124 build/MENU.o
                0x08002d38                MENU_ShowOptionList
 *fill*         0x08002e5c        0x4 
 .text.MENU_ShowCursor
                0x08002e60      0x640 build/MENU.o
                0x08002e60                MENU_ShowCursor
 .text.MENU_ShowBorder
                0x080034a0       0x2c build/MENU.o
                0x080034a0                MENU_ShowBorder
 .text.MENU_RunMenu
                0x080034cc       0x36 build/MENU.o
                0x080034cc                MENU_RunMenu
 *fill*         0x08003502        0x2 
 .text.MENU_RunToolsMenu
                0x08003504       0x10 build/MENU.o
                0x08003504                MENU_RunToolsMenu
 .text.MENU_RunGamesMenu
                0x08003514       0x10 build/MENU.o
                0x08003514                MENU_RunGamesMenu
 .text.MENU_RunMainMenu
                0x08003524       0x10 build/MENU.o
                0x08003524                MENU_RunMainMenu
 .text.ssd1306_DegToRad
                0x08003534       0x10 build/ssd1306.o
 .text.ssd1306_NormalizeTo0_360
                0x08003544       0x28 build/ssd1306.o
 .text.ssd1306_WriteCommand
                0x0800356c       0x2c build/ssd1306.o
                0x0800356c                ssd1306_WriteCommand
 .text.ssd1306_WriteData
                0x08003598       0x28 build/ssd1306.o
                0x08003598                ssd1306_WriteData
 .text.ssd1306_Fill
                0x080035c0       0x1c build/ssd1306.o
                0x080035c0                ssd1306_Fill
 .text.ssd1306_UpdateScreen
                0x080035dc       0x38 build/ssd1306.o
                0x080035dc                ssd1306_UpdateScreen
 .text.ssd1306_DrawPixel
                0x08003614       0x44 build/ssd1306.o
                0x08003614                ssd1306_DrawPixel
 .text.ssd1306_WriteChar
                0x08003658       0xc4 build/ssd1306.o
                0x08003658                ssd1306_WriteChar
 .text.ssd1306_WriteString
                0x0800371c       0x30 build/ssd1306.o
                0x0800371c                ssd1306_WriteString
 .text.ssd1306_SetCursor
                0x0800374c        0xc build/ssd1306.o
                0x0800374c                ssd1306_SetCursor
 .text.ssd1306_Line
                0x08003758       0x8e build/ssd1306.o
                0x08003758                ssd1306_Line
 *fill*         0x080037e6        0x2 
 .text.ssd1306_DrawArcWithRadiusLine
                0x080037e8      0x190 build/ssd1306.o
                0x080037e8                ssd1306_DrawArcWithRadiusLine
 .text.ssd1306_DrawRectangle
                0x08003978       0x52 build/ssd1306.o
                0x08003978                ssd1306_DrawRectangle
 *fill*         0x080039ca        0x2 
 .text.ssd1306_InvertRectangle
                0x080039cc       0xc4 build/ssd1306.o
                0x080039cc                ssd1306_InvertRectangle
 .text.ssd1306_SetContrast
                0x08003a90       0x12 build/ssd1306.o
                0x08003a90                ssd1306_SetContrast
 *fill*         0x08003aa2        0x2 
 .text.ssd1306_SetDisplayOn
                0x08003aa4       0x20 build/ssd1306.o
                0x08003aa4                ssd1306_SetDisplayOn
 .text.ssd1306_Init
                0x08003ac4       0xc8 build/ssd1306.o
                0x08003ac4                ssd1306_Init
 .text._out_buffer
                0x08003b8c        0x8 build/printf.o
 .text._out_null
                0x08003b94        0x2 build/printf.o
 .text._atoi    0x08003b96       0x24 build/printf.o
 .text._out_rev
                0x08003bba       0x7e build/printf.o
 .text._ntoa_format
                0x08003c38      0x138 build/printf.o
 .text._ntoa_long
                0x08003d70       0x94 build/printf.o
 .text._ntoa_long_long
                0x08003e04       0xc6 build/printf.o
 *fill*         0x08003eca        0x6 
 .text._etoa    0x08003ed0      0x3d4 build/printf.o
 *fill*         0x080042a4        0x4 
 .text._ftoa    0x080042a8      0x38c build/printf.o
 .text._vsnprintf
                0x08004634      0x67c build/printf.o
 .text.sprintf_
                0x08004cb0       0x2c build/printf.o
                0x08004cb0                sprintf_
 .text._getpid  0x08004cdc        0x4 build/syscalls.o
                0x08004cdc                _getpid
 .text._kill    0x08004ce0       0x10 build/syscalls.o
                0x08004ce0                _kill
 .text._exit    0x08004cf0        0xc build/syscalls.o
                0x08004cf0                _exit
 .text._read    0x08004cfc       0x20 build/syscalls.o
                0x08004cfc                _read
 .text._write   0x08004d1c       0x46 build/syscalls.o
                0x08004d1c                _write
 *fill*         0x08004d62        0x2 
 .text._sbrk    0x08004d64       0x3c build/syscalls.o
                0x08004d64                _sbrk
 .text._close   0x08004da0        0x6 build/syscalls.o
                0x08004da0                _close
 .text._fstat   0x08004da6        0xa build/syscalls.o
                0x08004da6                _fstat
 .text._isatty  0x08004db0        0x4 build/syscalls.o
                0x08004db0                _isatty
 .text._lseek   0x08004db4        0x4 build/syscalls.o
                0x08004db4                _lseek
 .text.MX_USART1_UART_Init
                0x08004db8       0x34 build/usart.o
                0x08004db8                MX_USART1_UART_Init
 .text.HAL_UART_MspInit
                0x08004dec       0x78 build/usart.o
                0x08004dec                HAL_UART_MspInit
 .text.UART_SetConfig
                0x08004e64       0x94 build/stm32f1xx_hal_uart.o
 .text.HAL_UART_Init
                0x08004ef8       0x60 build/stm32f1xx_hal_uart.o
                0x08004ef8                HAL_UART_Init
 .text.Reset_Handler
                0x08004f58       0x48 build/startup_stm32f103xb.o
                0x08004f58                Reset_Handler
 .text.Default_Handler
                0x08004fa0        0x2 build/startup_stm32f103xb.o
                0x08004fa0                RTC_Alarm_IRQHandler
                0x08004fa0                EXTI2_IRQHandler
                0x08004fa0                TIM1_CC_IRQHandler
                0x08004fa0                PVD_IRQHandler
                0x08004fa0                EXTI3_IRQHandler
                0x08004fa0                I2C2_EV_IRQHandler
                0x08004fa0                ADC1_2_IRQHandler
                0x08004fa0                SPI1_IRQHandler
                0x08004fa0                TAMPER_IRQHandler
                0x08004fa0                DMA1_Channel4_IRQHandler
                0x08004fa0                USART3_IRQHandler
                0x08004fa0                RTC_IRQHandler
                0x08004fa0                DMA1_Channel7_IRQHandler
                0x08004fa0                CAN1_RX1_IRQHandler
                0x08004fa0                TIM4_IRQHandler
                0x08004fa0                I2C1_EV_IRQHandler
                0x08004fa0                DMA1_Channel6_IRQHandler
                0x08004fa0                TIM3_IRQHandler
                0x08004fa0                RCC_IRQHandler
                0x08004fa0                TIM1_TRG_COM_IRQHandler
                0x08004fa0                DMA1_Channel1_IRQHandler
                0x08004fa0                Default_Handler
                0x08004fa0                EXTI15_10_IRQHandler
                0x08004fa0                EXTI9_5_IRQHandler
                0x08004fa0                SPI2_IRQHandler
                0x08004fa0                DMA1_Channel5_IRQHandler
                0x08004fa0                EXTI4_IRQHandler
                0x08004fa0                USB_LP_CAN1_RX0_IRQHandler
                0x08004fa0                USB_HP_CAN1_TX_IRQHandler
                0x08004fa0                DMA1_Channel3_IRQHandler
                0x08004fa0                TIM1_UP_IRQHandler
                0x08004fa0                WWDG_IRQHandler
                0x08004fa0                TIM2_IRQHandler
                0x08004fa0                TIM1_BRK_IRQHandler
                0x08004fa0                EXTI1_IRQHandler
                0x08004fa0                USART2_IRQHandler
                0x08004fa0                I2C2_ER_IRQHandler
                0x08004fa0                DMA1_Channel2_IRQHandler
                0x08004fa0                CAN1_SCE_IRQHandler
                0x08004fa0                FLASH_IRQHandler
                0x08004fa0                USART1_IRQHandler
                0x08004fa0                I2C1_ER_IRQHandler
                0x08004fa0                USBWakeUp_IRQHandler
 *fill*         0x08004fa2        0x2 
 .text.__errno  0x08004fa4        0xc f:/stm32/win-dev-tools/gcc-arm-none-eabi/bin/../lib/gcc/arm-none-eabi/10.3.1/../../../../arm-none-eabi/lib/thumb/v7-m/nofp\libc_nano.a(lib_a-errno.o)
                0x08004fa4                __errno
 .text.__libc_init_array
                0x08004fb0       0x48 f:/stm32/win-dev-tools/gcc-arm-none-eabi/bin/../lib/gcc/arm-none-eabi/10.3.1/../../../../arm-none-eabi/lib/thumb/v7-m/nofp\libc_nano.a(lib_a-init.o)
                0x08004fb0                __libc_init_array
 .text.memcpy   0x08004ff8       0x1c f:/stm32/win-dev-tools/gcc-arm-none-eabi/bin/../lib/gcc/arm-none-eabi/10.3.1/../../../../arm-none-eabi/lib/thumb/v7-m/nofp\libc_nano.a(lib_a-memcpy-stub.o)
                0x08004ff8                memcpy
 .text.memmove  0x08005014       0x34 f:/stm32/win-dev-tools/gcc-arm-none-eabi/bin/../lib/gcc/arm-none-eabi/10.3.1/../../../../arm-none-eabi/lib/thumb/v7-m/nofp\libc_nano.a(lib_a-memmove.o)
                0x08005014                memmove
 .text.memset   0x08005048       0x10 f:/stm32/win-dev-tools/gcc-arm-none-eabi/bin/../lib/gcc/arm-none-eabi/10.3.1/../../../../arm-none-eabi/lib/thumb/v7-m/nofp\libc_nano.a(lib_a-memset.o)
                0x08005048                memset
 .text.__cvt    0x08005058       0xbe f:/stm32/win-dev-tools/gcc-arm-none-eabi/bin/../lib/gcc/arm-none-eabi/10.3.1/../../../../arm-none-eabi/lib/thumb/v7-m/nofp\libc_nano.a(lib_a-nano-vfprintf_float.o)
                0x08005058                __cvt
 .text.__exponent
                0x08005116       0x7c f:/stm32/win-dev-tools/gcc-arm-none-eabi/bin/../lib/gcc/arm-none-eabi/10.3.1/../../../../arm-none-eabi/lib/thumb/v7-m/nofp\libc_nano.a(lib_a-nano-vfprintf_float.o)
                0x08005116                __exponent
 *fill*         0x08005192        0x2 
 .text._printf_float
                0x08005194      0x458 f:/stm32/win-dev-tools/gcc-arm-none-eabi/bin/../lib/gcc/arm-none-eabi/10.3.1/../../../../arm-none-eabi/lib/thumb/v7-m/nofp\libc_nano.a(lib_a-nano-vfprintf_float.o)
                0x08005194                _printf_float
 .text._printf_common
                0x080055ec       0xde f:/stm32/win-dev-tools/gcc-arm-none-eabi/bin/../lib/gcc/arm-none-eabi/10.3.1/../../../../arm-none-eabi/lib/thumb/v7-m/nofp\libc_nano.a(lib_a-nano-vfprintf_i.o)
                0x080055ec                _printf_common
 *fill*         0x080056ca        0x2 
 .text._printf_i
                0x080056cc      0x24c f:/stm32/win-dev-tools/gcc-arm-none-eabi/bin/../lib/gcc/arm-none-eabi/10.3.1/../../../../arm-none-eabi/lib/thumb/v7-m/nofp\libc_nano.a(lib_a-nano-vfprintf_i.o)
                0x080056cc                _printf_i
 .text._scanf_float
                0x08005918      0x41c f:/stm32/win-dev-tools/gcc-arm-none-eabi/bin/../lib/gcc/arm-none-eabi/10.3.1/../../../../arm-none-eabi/lib/thumb/v7-m/nofp\libc_nano.a(lib_a-nano-vfscanf_float.o)
                0x08005918                _scanf_float
 .text.nanf     0x08005d34        0x8 f:/stm32/win-dev-tools/gcc-arm-none-eabi/bin/../lib/gcc/arm-none-eabi/10.3.1/../../../../arm-none-eabi/lib/thumb/v7-m/nofp\libc_nano.a(lib_a-sf_nan.o)
                0x08005d34                nanf
 .text.sprintf  0x08005d3c       0x40 f:/stm32/win-dev-tools/gcc-arm-none-eabi/bin/../lib/gcc/arm-none-eabi/10.3.1/../../../../arm-none-eabi/lib/thumb/v7-m/nofp\libc_nano.a(lib_a-sprintf.o)
                0x08005d3c                siprintf
                0x08005d3c                sprintf
 .text.sulp     0x08005d7c       0x42 f:/stm32/win-dev-tools/gcc-arm-none-eabi/bin/../lib/gcc/arm-none-eabi/10.3.1/../../../../arm-none-eabi/lib/thumb/v7-m/nofp\libc_nano.a(lib_a-strtod.o)
 *fill*         0x08005dbe        0x2 
 .text._strtod_l
                0x08005dc0      0xbd0 f:/stm32/win-dev-tools/gcc-arm-none-eabi/bin/../lib/gcc/arm-none-eabi/10.3.1/../../../../arm-none-eabi/lib/thumb/v7-m/nofp\libc_nano.a(lib_a-strtod.o)
                0x08005dc0                _strtod_l
 .text._strtod_r
                0x08006990        0xc f:/stm32/win-dev-tools/gcc-arm-none-eabi/bin/../lib/gcc/arm-none-eabi/10.3.1/../../../../arm-none-eabi/lib/thumb/v7-m/nofp\libc_nano.a(lib_a-strtod.o)
                0x08006990                _strtod_r
 .text._strtol_l.constprop.0
                0x0800699c       0xf8 f:/stm32/win-dev-tools/gcc-arm-none-eabi/bin/../lib/gcc/arm-none-eabi/10.3.1/../../../../arm-none-eabi/lib/thumb/v7-m/nofp\libc_nano.a(lib_a-strtol.o)
 .text._strtol_r
                0x08006a94        0x4 f:/stm32/win-dev-tools/gcc-arm-none-eabi/bin/../lib/gcc/arm-none-eabi/10.3.1/../../../../arm-none-eabi/lib/thumb/v7-m/nofp\libc_nano.a(lib_a-strtol.o)
                0x08006a94                _strtol_r
 .text.quorem   0x08006a98      0x118 f:/stm32/win-dev-tools/gcc-arm-none-eabi/bin/../lib/gcc/arm-none-eabi/10.3.1/../../../../arm-none-eabi/lib/thumb/v7-m/nofp\libc_nano.a(lib_a-dtoa.o)
 .text._dtoa_r  0x08006bb0      0xbdc f:/stm32/win-dev-tools/gcc-arm-none-eabi/bin/../lib/gcc/arm-none-eabi/10.3.1/../../../../arm-none-eabi/lib/thumb/v7-m/nofp\libc_nano.a(lib_a-dtoa.o)
                0x08006bb0                _dtoa_r
 .text.rshift   0x0800778c       0xa6 f:/stm32/win-dev-tools/gcc-arm-none-eabi/bin/../lib/gcc/arm-none-eabi/10.3.1/../../../../arm-none-eabi/lib/thumb/v7-m/nofp\libc_nano.a(lib_a-gdtoa-gethex.o)
 .text.__hexdig_fun
                0x08007832       0x2a f:/stm32/win-dev-tools/gcc-arm-none-eabi/bin/../lib/gcc/arm-none-eabi/10.3.1/../../../../arm-none-eabi/lib/thumb/v7-m/nofp\libc_nano.a(lib_a-gdtoa-gethex.o)
                0x08007832                __hexdig_fun
 .text.__gethex
                0x0800785c      0x478 f:/stm32/win-dev-tools/gcc-arm-none-eabi/bin/../lib/gcc/arm-none-eabi/10.3.1/../../../../arm-none-eabi/lib/thumb/v7-m/nofp\libc_nano.a(lib_a-gdtoa-gethex.o)
                0x0800785c                __gethex
 .text.L_shift  0x08007cd4       0x24 f:/stm32/win-dev-tools/gcc-arm-none-eabi/bin/../lib/gcc/arm-none-eabi/10.3.1/../../../../arm-none-eabi/lib/thumb/v7-m/nofp\libc_nano.a(lib_a-gdtoa-hexnan.o)
 .text.__match  0x08007cf8       0x28 f:/stm32/win-dev-tools/gcc-arm-none-eabi/bin/../lib/gcc/arm-none-eabi/10.3.1/../../../../arm-none-eabi/lib/thumb/v7-m/nofp\libc_nano.a(lib_a-gdtoa-hexnan.o)
                0x08007cf8                __match
 .text.__hexnan
                0x08007d20      0x138 f:/stm32/win-dev-tools/gcc-arm-none-eabi/bin/../lib/gcc/arm-none-eabi/10.3.1/../../../../arm-none-eabi/lib/thumb/v7-m/nofp\libc_nano.a(lib_a-gdtoa-hexnan.o)
                0x08007d20                __hexnan
 .text._localeconv_r
                0x08007e58        0x8 f:/stm32/win-dev-tools/gcc-arm-none-eabi/bin/../lib/gcc/arm-none-eabi/10.3.1/../../../../arm-none-eabi/lib/thumb/v7-m/nofp\libc_nano.a(lib_a-localeconv.o)
                0x08007e58                _localeconv_r
 .text.malloc   0x08007e60       0x10 f:/stm32/win-dev-tools/gcc-arm-none-eabi/bin/../lib/gcc/arm-none-eabi/10.3.1/../../../../arm-none-eabi/lib/thumb/v7-m/nofp\libc_nano.a(lib_a-malloc.o)
                0x08007e60                malloc
 .text.__ascii_mbtowc
                0x08007e70       0x24 f:/stm32/win-dev-tools/gcc-arm-none-eabi/bin/../lib/gcc/arm-none-eabi/10.3.1/../../../../arm-none-eabi/lib/thumb/v7-m/nofp\libc_nano.a(lib_a-mbtowc_r.o)
                0x08007e70                __ascii_mbtowc
 .text.memchr   0x08007e94       0x1c f:/stm32/win-dev-tools/gcc-arm-none-eabi/bin/../lib/gcc/arm-none-eabi/10.3.1/../../../../arm-none-eabi/lib/thumb/v7-m/nofp\libc_nano.a(lib_a-memchr-stub.o)
                0x08007e94                memchr
 .text._Balloc  0x08007eb0       0x80 f:/stm32/win-dev-tools/gcc-arm-none-eabi/bin/../lib/gcc/arm-none-eabi/10.3.1/../../../../arm-none-eabi/lib/thumb/v7-m/nofp\libc_nano.a(lib_a-mprec.o)
                0x08007eb0                _Balloc
 .text._Bfree   0x08007f30       0x44 f:/stm32/win-dev-tools/gcc-arm-none-eabi/bin/../lib/gcc/arm-none-eabi/10.3.1/../../../../arm-none-eabi/lib/thumb/v7-m/nofp\libc_nano.a(lib_a-mprec.o)
                0x08007f30                _Bfree
 .text.__multadd
                0x08007f74       0x8c f:/stm32/win-dev-tools/gcc-arm-none-eabi/bin/../lib/gcc/arm-none-eabi/10.3.1/../../../../arm-none-eabi/lib/thumb/v7-m/nofp\libc_nano.a(lib_a-mprec.o)
                0x08007f74                __multadd
 .text.__s2b    0x08008000       0x94 f:/stm32/win-dev-tools/gcc-arm-none-eabi/bin/../lib/gcc/arm-none-eabi/10.3.1/../../../../arm-none-eabi/lib/thumb/v7-m/nofp\libc_nano.a(lib_a-mprec.o)
                0x08008000                __s2b
 .text.__hi0bits
                0x08008094       0x40 f:/stm32/win-dev-tools/gcc-arm-none-eabi/bin/../lib/gcc/arm-none-eabi/10.3.1/../../../../arm-none-eabi/lib/thumb/v7-m/nofp\libc_nano.a(lib_a-mprec.o)
                0x08008094                __hi0bits
 .text.__lo0bits
                0x080080d4       0x5a f:/stm32/win-dev-tools/gcc-arm-none-eabi/bin/../lib/gcc/arm-none-eabi/10.3.1/../../../../arm-none-eabi/lib/thumb/v7-m/nofp\libc_nano.a(lib_a-mprec.o)
                0x080080d4                __lo0bits
 *fill*         0x0800812e        0x2 
 .text.__i2b    0x08008130       0x2c f:/stm32/win-dev-tools/gcc-arm-none-eabi/bin/../lib/gcc/arm-none-eabi/10.3.1/../../../../arm-none-eabi/lib/thumb/v7-m/nofp\libc_nano.a(lib_a-mprec.o)
                0x08008130                __i2b
 .text.__multiply
                0x0800815c      0x150 f:/stm32/win-dev-tools/gcc-arm-none-eabi/bin/../lib/gcc/arm-none-eabi/10.3.1/../../../../arm-none-eabi/lib/thumb/v7-m/nofp\libc_nano.a(lib_a-mprec.o)
                0x0800815c                __multiply
 .text.__pow5mult
                0x080082ac       0xb4 f:/stm32/win-dev-tools/gcc-arm-none-eabi/bin/../lib/gcc/arm-none-eabi/10.3.1/../../../../arm-none-eabi/lib/thumb/v7-m/nofp\libc_nano.a(lib_a-mprec.o)
                0x080082ac                __pow5mult
 .text.__lshift
                0x08008360       0xe0 f:/stm32/win-dev-tools/gcc-arm-none-eabi/bin/../lib/gcc/arm-none-eabi/10.3.1/../../../../arm-none-eabi/lib/thumb/v7-m/nofp\libc_nano.a(lib_a-mprec.o)
                0x08008360                __lshift
 .text.__mcmp   0x08008440       0x36 f:/stm32/win-dev-tools/gcc-arm-none-eabi/bin/../lib/gcc/arm-none-eabi/10.3.1/../../../../arm-none-eabi/lib/thumb/v7-m/nofp\libc_nano.a(lib_a-mprec.o)
                0x08008440                __mcmp
 *fill*         0x08008476        0x2 
 .text.__mdiff  0x08008478      0x118 f:/stm32/win-dev-tools/gcc-arm-none-eabi/bin/../lib/gcc/arm-none-eabi/10.3.1/../../../../arm-none-eabi/lib/thumb/v7-m/nofp\libc_nano.a(lib_a-mprec.o)
                0x08008478                __mdiff
 .text.__ulp    0x08008590       0x4c f:/stm32/win-dev-tools/gcc-arm-none-eabi/bin/../lib/gcc/arm-none-eabi/10.3.1/../../../../arm-none-eabi/lib/thumb/v7-m/nofp\libc_nano.a(lib_a-mprec.o)
                0x08008590                __ulp
 .text.__b2d    0x080085dc       0xa8 f:/stm32/win-dev-tools/gcc-arm-none-eabi/bin/../lib/gcc/arm-none-eabi/10.3.1/../../../../arm-none-eabi/lib/thumb/v7-m/nofp\libc_nano.a(lib_a-mprec.o)
                0x080085dc                __b2d
 .text.__d2b    0x08008684       0xb8 f:/stm32/win-dev-tools/gcc-arm-none-eabi/bin/../lib/gcc/arm-none-eabi/10.3.1/../../../../arm-none-eabi/lib/thumb/v7-m/nofp\libc_nano.a(lib_a-mprec.o)
                0x08008684                __d2b
 .text.__ratio  0x0800873c       0x5c f:/stm32/win-dev-tools/gcc-arm-none-eabi/bin/../lib/gcc/arm-none-eabi/10.3.1/../../../../arm-none-eabi/lib/thumb/v7-m/nofp\libc_nano.a(lib_a-mprec.o)
                0x0800873c                __ratio
 .text.__copybits
                0x08008798       0x46 f:/stm32/win-dev-tools/gcc-arm-none-eabi/bin/../lib/gcc/arm-none-eabi/10.3.1/../../../../arm-none-eabi/lib/thumb/v7-m/nofp\libc_nano.a(lib_a-mprec.o)
                0x08008798                __copybits
 .text.__any_on
                0x080087de       0x42 f:/stm32/win-dev-tools/gcc-arm-none-eabi/bin/../lib/gcc/arm-none-eabi/10.3.1/../../../../arm-none-eabi/lib/thumb/v7-m/nofp\libc_nano.a(lib_a-mprec.o)
                0x080087de                __any_on
 .text._calloc_r
                0x08008820       0x28 f:/stm32/win-dev-tools/gcc-arm-none-eabi/bin/../lib/gcc/arm-none-eabi/10.3.1/../../../../arm-none-eabi/lib/thumb/v7-m/nofp\libc_nano.a(lib_a-nano-callocr.o)
                0x08008820                _calloc_r
 .text._free_r  0x08008848       0x90 f:/stm32/win-dev-tools/gcc-arm-none-eabi/bin/../lib/gcc/arm-none-eabi/10.3.1/../../../../arm-none-eabi/lib/thumb/v7-m/nofp\libc_nano.a(lib_a-nano-freer.o)
                0x08008848                _free_r
 .text.sbrk_aligned
                0x080088d8       0x40 f:/stm32/win-dev-tools/gcc-arm-none-eabi/bin/../lib/gcc/arm-none-eabi/10.3.1/../../../../arm-none-eabi/lib/thumb/v7-m/nofp\libc_nano.a(lib_a-nano-mallocr.o)
 .text._malloc_r
                0x08008918       0xe8 f:/stm32/win-dev-tools/gcc-arm-none-eabi/bin/../lib/gcc/arm-none-eabi/10.3.1/../../../../arm-none-eabi/lib/thumb/v7-m/nofp\libc_nano.a(lib_a-nano-mallocr.o)
                0x08008918                _malloc_r
 .text.__ssputs_r
                0x08008a00       0xb6 f:/stm32/win-dev-tools/gcc-arm-none-eabi/bin/../lib/gcc/arm-none-eabi/10.3.1/../../../../arm-none-eabi/lib/thumb/v7-m/nofp\libc_nano.a(lib_a-nano-svfprintf.o)
                0x08008a00                __ssputs_r
 *fill*         0x08008ab6        0x2 
 .text._svfprintf_r
                0x08008ab8      0x200 f:/stm32/win-dev-tools/gcc-arm-none-eabi/bin/../lib/gcc/arm-none-eabi/10.3.1/../../../../arm-none-eabi/lib/thumb/v7-m/nofp\libc_nano.a(lib_a-nano-svfprintf.o)
                0x08008ab8                _svfiprintf_r
                0x08008ab8                _svfprintf_r
 .text.nan      0x08008cb8        0xc f:/stm32/win-dev-tools/gcc-arm-none-eabi/bin/../lib/gcc/arm-none-eabi/10.3.1/../../../../arm-none-eabi/lib/thumb/v7-m/nofp\libc_nano.a(lib_a-s_nan.o)
                0x08008cb8                nan
 .text._sbrk_r  0x08008cc4       0x20 f:/stm32/win-dev-tools/gcc-arm-none-eabi/bin/../lib/gcc/arm-none-eabi/10.3.1/../../../../arm-none-eabi/lib/thumb/v7-m/nofp\libc_nano.a(lib_a-sbrkr.o)
                0x08008cc4                _sbrk_r
 .text.strncmp  0x08008ce4       0x28 f:/stm32/win-dev-tools/gcc-arm-none-eabi/bin/../lib/gcc/arm-none-eabi/10.3.1/../../../../arm-none-eabi/lib/thumb/v7-m/nofp\libc_nano.a(lib_a-strncmp.o)
                0x08008ce4                strncmp
 .text.__ascii_wctomb
                0x08008d0c       0x1a f:/stm32/win-dev-tools/gcc-arm-none-eabi/bin/../lib/gcc/arm-none-eabi/10.3.1/../../../../arm-none-eabi/lib/thumb/v7-m/nofp\libc_nano.a(lib_a-wctomb_r.o)
                0x08008d0c                __ascii_wctomb
 *fill*         0x08008d26        0x2 
 .text.__assert_func
                0x08008d28       0x3c f:/stm32/win-dev-tools/gcc-arm-none-eabi/bin/../lib/gcc/arm-none-eabi/10.3.1/../../../../arm-none-eabi/lib/thumb/v7-m/nofp\libc_nano.a(lib_a-assert.o)
                0x08008d28                __assert_func
 .text.fprintf  0x08008d64       0x24 f:/stm32/win-dev-tools/gcc-arm-none-eabi/bin/../lib/gcc/arm-none-eabi/10.3.1/../../../../arm-none-eabi/lib/thumb/v7-m/nofp\libc_nano.a(lib_a-fprintf.o)
                0x08008d64                fiprintf
                0x08008d64                fprintf
 .text.__malloc_lock
                0x08008d88        0xc f:/stm32/win-dev-tools/gcc-arm-none-eabi/bin/../lib/gcc/arm-none-eabi/10.3.1/../../../../arm-none-eabi/lib/thumb/v7-m/nofp\libc_nano.a(lib_a-mlock.o)
                0x08008d88                __malloc_lock
 .text.__malloc_unlock
                0x08008d94        0xc f:/stm32/win-dev-tools/gcc-arm-none-eabi/bin/../lib/gcc/arm-none-eabi/10.3.1/../../../../arm-none-eabi/lib/thumb/v7-m/nofp\libc_nano.a(lib_a-mlock.o)
                0x08008d94                __malloc_unlock
 .text._realloc_r
                0x08008da0       0x5e f:/stm32/win-dev-tools/gcc-arm-none-eabi/bin/../lib/gcc/arm-none-eabi/10.3.1/../../../../arm-none-eabi/lib/thumb/v7-m/nofp\libc_nano.a(lib_a-nano-reallocr.o)
                0x08008da0                _realloc_r
 .text.__sfputc_r
                0x08008dfe       0x2a f:/stm32/win-dev-tools/gcc-arm-none-eabi/bin/../lib/gcc/arm-none-eabi/10.3.1/../../../../arm-none-eabi/lib/thumb/v7-m/nofp\libc_nano.a(lib_a-nano-vfprintf.o)
 .text.__sfputs_r
                0x08008e28       0x24 f:/stm32/win-dev-tools/gcc-arm-none-eabi/bin/../lib/gcc/arm-none-eabi/10.3.1/../../../../arm-none-eabi/lib/thumb/v7-m/nofp\libc_nano.a(lib_a-nano-vfprintf.o)
                0x08008e28                __sfputs_r
 .text._vfprintf_r
                0x08008e4c      0x260 f:/stm32/win-dev-tools/gcc-arm-none-eabi/bin/../lib/gcc/arm-none-eabi/10.3.1/../../../../arm-none-eabi/lib/thumb/v7-m/nofp\libc_nano.a(lib_a-nano-vfprintf.o)
                0x08008e4c                _vfprintf_r
                0x08008e4c                _vfiprintf_r
 .text.__swbuf_r
                0x080090ac       0xa4 f:/stm32/win-dev-tools/gcc-arm-none-eabi/bin/../lib/gcc/arm-none-eabi/10.3.1/../../../../arm-none-eabi/lib/thumb/v7-m/nofp\libc_nano.a(lib_a-wbuf.o)
                0x080090ac                __swbuf_r
 .text.__swsetup_r
                0x08009150       0xdc f:/stm32/win-dev-tools/gcc-arm-none-eabi/bin/../lib/gcc/arm-none-eabi/10.3.1/../../../../arm-none-eabi/lib/thumb/v7-m/nofp\libc_nano.a(lib_a-wsetup.o)
                0x08009150                __swsetup_r
 .text.abort    0x0800922c        0xe f:/stm32/win-dev-tools/gcc-arm-none-eabi/bin/../lib/gcc/arm-none-eabi/10.3.1/../../../../arm-none-eabi/lib/thumb/v7-m/nofp\libc_nano.a(lib_a-abort.o)
                0x0800922c                abort
 *fill*         0x0800923a        0x2 
 .text.__sflush_r
                0x0800923c      0x104 f:/stm32/win-dev-tools/gcc-arm-none-eabi/bin/../lib/gcc/arm-none-eabi/10.3.1/../../../../arm-none-eabi/lib/thumb/v7-m/nofp\libc_nano.a(lib_a-fflush.o)
                0x0800923c                __sflush_r
 .text._fflush_r
                0x08009340       0x78 f:/stm32/win-dev-tools/gcc-arm-none-eabi/bin/../lib/gcc/arm-none-eabi/10.3.1/../../../../arm-none-eabi/lib/thumb/v7-m/nofp\libc_nano.a(lib_a-fflush.o)
                0x08009340                _fflush_r
 .text.std      0x080093b8       0x48 f:/stm32/win-dev-tools/gcc-arm-none-eabi/bin/../lib/gcc/arm-none-eabi/10.3.1/../../../../arm-none-eabi/lib/thumb/v7-m/nofp\libc_nano.a(lib_a-findfp.o)
 .text._cleanup_r
                0x08009400        0xc f:/stm32/win-dev-tools/gcc-arm-none-eabi/bin/../lib/gcc/arm-none-eabi/10.3.1/../../../../arm-none-eabi/lib/thumb/v7-m/nofp\libc_nano.a(lib_a-findfp.o)
                0x08009400                _cleanup_r
 .text.__sfmoreglue
                0x0800940c       0x2c f:/stm32/win-dev-tools/gcc-arm-none-eabi/bin/../lib/gcc/arm-none-eabi/10.3.1/../../../../arm-none-eabi/lib/thumb/v7-m/nofp\libc_nano.a(lib_a-findfp.o)
                0x0800940c                __sfmoreglue
 .text.__sfp_lock_acquire
                0x08009438        0xc f:/stm32/win-dev-tools/gcc-arm-none-eabi/bin/../lib/gcc/arm-none-eabi/10.3.1/../../../../arm-none-eabi/lib/thumb/v7-m/nofp\libc_nano.a(lib_a-findfp.o)
                0x08009438                __sfp_lock_acquire
 .text.__sfp_lock_release
                0x08009444        0xc f:/stm32/win-dev-tools/gcc-arm-none-eabi/bin/../lib/gcc/arm-none-eabi/10.3.1/../../../../arm-none-eabi/lib/thumb/v7-m/nofp\libc_nano.a(lib_a-findfp.o)
                0x08009444                __sfp_lock_release
 .text.__sinit_lock_acquire
                0x08009450        0xc f:/stm32/win-dev-tools/gcc-arm-none-eabi/bin/../lib/gcc/arm-none-eabi/10.3.1/../../../../arm-none-eabi/lib/thumb/v7-m/nofp\libc_nano.a(lib_a-findfp.o)
                0x08009450                __sinit_lock_acquire
 .text.__sinit_lock_release
                0x0800945c        0xc f:/stm32/win-dev-tools/gcc-arm-none-eabi/bin/../lib/gcc/arm-none-eabi/10.3.1/../../../../arm-none-eabi/lib/thumb/v7-m/nofp\libc_nano.a(lib_a-findfp.o)
                0x0800945c                __sinit_lock_release
 .text.__sinit  0x08009468       0x70 f:/stm32/win-dev-tools/gcc-arm-none-eabi/bin/../lib/gcc/arm-none-eabi/10.3.1/../../../../arm-none-eabi/lib/thumb/v7-m/nofp\libc_nano.a(lib_a-findfp.o)
                0x08009468                __sinit
 .text.__sfp    0x080094d8       0x8c f:/stm32/win-dev-tools/gcc-arm-none-eabi/bin/../lib/gcc/arm-none-eabi/10.3.1/../../../../arm-none-eabi/lib/thumb/v7-m/nofp\libc_nano.a(lib_a-findfp.o)
                0x080094d8                __sfp
 .text._fwalk_reent
                0x08009564       0x3e f:/stm32/win-dev-tools/gcc-arm-none-eabi/bin/../lib/gcc/arm-none-eabi/10.3.1/../../../../arm-none-eabi/lib/thumb/v7-m/nofp\libc_nano.a(lib_a-fwalk.o)
                0x08009564                _fwalk_reent
 .text.__retarget_lock_init_recursive
                0x080095a2        0x2 f:/stm32/win-dev-tools/gcc-arm-none-eabi/bin/../lib/gcc/arm-none-eabi/10.3.1/../../../../arm-none-eabi/lib/thumb/v7-m/nofp\libc_nano.a(lib_a-lock.o)
                0x080095a2                __retarget_lock_init_recursive
 .text.__retarget_lock_acquire_recursive
                0x080095a4        0x2 f:/stm32/win-dev-tools/gcc-arm-none-eabi/bin/../lib/gcc/arm-none-eabi/10.3.1/../../../../arm-none-eabi/lib/thumb/v7-m/nofp\libc_nano.a(lib_a-lock.o)
                0x080095a4                __retarget_lock_acquire_recursive
 .text.__retarget_lock_release_recursive
                0x080095a6        0x2 f:/stm32/win-dev-tools/gcc-arm-none-eabi/bin/../lib/gcc/arm-none-eabi/10.3.1/../../../../arm-none-eabi/lib/thumb/v7-m/nofp\libc_nano.a(lib_a-lock.o)
                0x080095a6                __retarget_lock_release_recursive
 .text.__swhatbuf_r
                0x080095a8       0x4a f:/stm32/win-dev-tools/gcc-arm-none-eabi/bin/../lib/gcc/arm-none-eabi/10.3.1/../../../../arm-none-eabi/lib/thumb/v7-m/nofp\libc_nano.a(lib_a-makebuf.o)
                0x080095a8                __swhatbuf_r
 *fill*         0x080095f2        0x2 
 .text.__smakebuf_r
                0x080095f4       0x80 f:/stm32/win-dev-tools/gcc-arm-none-eabi/bin/../lib/gcc/arm-none-eabi/10.3.1/../../../../arm-none-eabi/lib/thumb/v7-m/nofp\libc_nano.a(lib_a-makebuf.o)
                0x080095f4                __smakebuf_r
 .text._malloc_usable_size_r
                0x08009674       0x10 f:/stm32/win-dev-tools/gcc-arm-none-eabi/bin/../lib/gcc/arm-none-eabi/10.3.1/../../../../arm-none-eabi/lib/thumb/v7-m/nofp\libc_nano.a(lib_a-nano-msizer.o)
                0x08009674                _malloc_usable_size_r
 .text._raise_r
                0x08009684       0x50 f:/stm32/win-dev-tools/gcc-arm-none-eabi/bin/../lib/gcc/arm-none-eabi/10.3.1/../../../../arm-none-eabi/lib/thumb/v7-m/nofp\libc_nano.a(lib_a-signal.o)
                0x08009684                _raise_r
 .text.raise    0x080096d4       0x10 f:/stm32/win-dev-tools/gcc-arm-none-eabi/bin/../lib/gcc/arm-none-eabi/10.3.1/../../../../arm-none-eabi/lib/thumb/v7-m/nofp\libc_nano.a(lib_a-signal.o)
                0x080096d4                raise
 .text._kill_r  0x080096e4       0x24 f:/stm32/win-dev-tools/gcc-arm-none-eabi/bin/../lib/gcc/arm-none-eabi/10.3.1/../../../../arm-none-eabi/lib/thumb/v7-m/nofp\libc_nano.a(lib_a-signalr.o)
                0x080096e4                _kill_r
 .text._getpid_r
                0x08009708        0x4 f:/stm32/win-dev-tools/gcc-arm-none-eabi/bin/../lib/gcc/arm-none-eabi/10.3.1/../../../../arm-none-eabi/lib/thumb/v7-m/nofp\libc_nano.a(lib_a-signalr.o)
                0x08009708                _getpid_r
 .text.__sread  0x0800970c       0x22 f:/stm32/win-dev-tools/gcc-arm-none-eabi/bin/../lib/gcc/arm-none-eabi/10.3.1/../../../../arm-none-eabi/lib/thumb/v7-m/nofp\libc_nano.a(lib_a-stdio.o)
                0x0800970c                __sread
 .text.__swrite
                0x0800972e       0x38 f:/stm32/win-dev-tools/gcc-arm-none-eabi/bin/../lib/gcc/arm-none-eabi/10.3.1/../../../../arm-none-eabi/lib/thumb/v7-m/nofp\libc_nano.a(lib_a-stdio.o)
                0x0800972e                __swrite
 .text.__sseek  0x08009766       0x24 f:/stm32/win-dev-tools/gcc-arm-none-eabi/bin/../lib/gcc/arm-none-eabi/10.3.1/../../../../arm-none-eabi/lib/thumb/v7-m/nofp\libc_nano.a(lib_a-stdio.o)
                0x08009766                __sseek
 .text.__sclose
                0x0800978a        0x8 f:/stm32/win-dev-tools/gcc-arm-none-eabi/bin/../lib/gcc/arm-none-eabi/10.3.1/../../../../arm-none-eabi/lib/thumb/v7-m/nofp\libc_nano.a(lib_a-stdio.o)
                0x0800978a                __sclose
 *fill*         0x08009792        0x2 
 .text._write_r
                0x08009794       0x24 f:/stm32/win-dev-tools/gcc-arm-none-eabi/bin/../lib/gcc/arm-none-eabi/10.3.1/../../../../arm-none-eabi/lib/thumb/v7-m/nofp\libc_nano.a(lib_a-writer.o)
                0x08009794                _write_r
 .text._close_r
                0x080097b8       0x20 f:/stm32/win-dev-tools/gcc-arm-none-eabi/bin/../lib/gcc/arm-none-eabi/10.3.1/../../../../arm-none-eabi/lib/thumb/v7-m/nofp\libc_nano.a(lib_a-closer.o)
                0x080097b8                _close_r
 .text._fstat_r
                0x080097d8       0x24 f:/stm32/win-dev-tools/gcc-arm-none-eabi/bin/../lib/gcc/arm-none-eabi/10.3.1/../../../../arm-none-eabi/lib/thumb/v7-m/nofp\libc_nano.a(lib_a-fstatr.o)
                0x080097d8                _fstat_r
 .text._isatty_r
                0x080097fc       0x20 f:/stm32/win-dev-tools/gcc-arm-none-eabi/bin/../lib/gcc/arm-none-eabi/10.3.1/../../../../arm-none-eabi/lib/thumb/v7-m/nofp\libc_nano.a(lib_a-isattyr.o)
                0x080097fc                _isatty_r
 .text._lseek_r
                0x0800981c       0x24 f:/stm32/win-dev-tools/gcc-arm-none-eabi/bin/../lib/gcc/arm-none-eabi/10.3.1/../../../../arm-none-eabi/lib/thumb/v7-m/nofp\libc_nano.a(lib_a-lseekr.o)
                0x0800981c                _lseek_r
 .text._read_r  0x08009840       0x24 f:/stm32/win-dev-tools/gcc-arm-none-eabi/bin/../lib/gcc/arm-none-eabi/10.3.1/../../../../arm-none-eabi/lib/thumb/v7-m/nofp\libc_nano.a(lib_a-readr.o)
                0x08009840                _read_r
 .text.cosf     0x08009864       0x70 f:/stm32/win-dev-tools/gcc-arm-none-eabi/bin/../lib/gcc/arm-none-eabi/10.3.1/../../../../arm-none-eabi/lib/thumb/v7-m/nofp\libm.a(lib_a-sf_cos.o)
                0x08009864                cosf
 .text.sinf     0x080098d4       0x74 f:/stm32/win-dev-tools/gcc-arm-none-eabi/bin/../lib/gcc/arm-none-eabi/10.3.1/../../../../arm-none-eabi/lib/thumb/v7-m/nofp\libm.a(lib_a-sf_sin.o)
                0x080098d4                sinf
 .text.__ieee754_rem_pio2f
                0x08009948      0x2e4 f:/stm32/win-dev-tools/gcc-arm-none-eabi/bin/../lib/gcc/arm-none-eabi/10.3.1/../../../../arm-none-eabi/lib/thumb/v7-m/nofp\libm.a(lib_a-ef_rem_pio2.o)
                0x08009948                __ieee754_rem_pio2f
 .text.__kernel_cosf
                0x08009c2c      0x18c f:/stm32/win-dev-tools/gcc-arm-none-eabi/bin/../lib/gcc/arm-none-eabi/10.3.1/../../../../arm-none-eabi/lib/thumb/v7-m/nofp\libm.a(lib_a-kf_cos.o)
                0x08009c2c                __kernel_cosf
 .text.__kernel_rem_pio2f
                0x08009db8      0x6e4 f:/stm32/win-dev-tools/gcc-arm-none-eabi/bin/../lib/gcc/arm-none-eabi/10.3.1/../../../../arm-none-eabi/lib/thumb/v7-m/nofp\libm.a(lib_a-kf_rem_pio2.o)
                0x08009db8                __kernel_rem_pio2f
 .text.__kernel_sinf
                0x0800a49c       0xe8 f:/stm32/win-dev-tools/gcc-arm-none-eabi/bin/../lib/gcc/arm-none-eabi/10.3.1/../../../../arm-none-eabi/lib/thumb/v7-m/nofp\libm.a(lib_a-kf_sin.o)
                0x0800a49c                __kernel_sinf
 .text.fabsf    0x0800a584        0x8 f:/stm32/win-dev-tools/gcc-arm-none-eabi/bin/../lib/gcc/arm-none-eabi/10.3.1/../../../../arm-none-eabi/lib/thumb/v7-m/nofp\libm.a(lib_a-sf_fabs.o)
                0x0800a584                fabsf
 .text.floorf   0x0800a58c       0x80 f:/stm32/win-dev-tools/gcc-arm-none-eabi/bin/../lib/gcc/arm-none-eabi/10.3.1/../../../../arm-none-eabi/lib/thumb/v7-m/nofp\libm.a(lib_a-sf_floor.o)
                0x0800a58c                floorf
 .text.scalbnf  0x0800a60c       0xbc f:/stm32/win-dev-tools/gcc-arm-none-eabi/bin/../lib/gcc/arm-none-eabi/10.3.1/../../../../arm-none-eabi/lib/thumb/v7-m/nofp\libm.a(lib_a-sf_scalbn.o)
                0x0800a60c                scalbnf
 *(.glue_7)
 .glue_7        0x0800a6c8        0x0 linker stubs
 *(.glue_7t)
 .glue_7t       0x0800a6c8        0x0 linker stubs
 *(.eh_frame)
 .eh_frame      0x0800a6c8        0x0 f:/stm32/win-dev-tools/gcc-arm-none-eabi/bin/../lib/gcc/arm-none-eabi/10.3.1/thumb/v7-m/nofp/crtbegin.o
 *(.init)
 .init          0x0800a6c8        0x4 f:/stm32/win-dev-tools/gcc-arm-none-eabi/bin/../lib/gcc/arm-none-eabi/10.3.1/thumb/v7-m/nofp/crti.o
                0x0800a6c8                _init
 .init          0x0800a6cc        0x8 f:/stm32/win-dev-tools/gcc-arm-none-eabi/bin/../lib/gcc/arm-none-eabi/10.3.1/thumb/v7-m/nofp/crtn.o
 *(.fini)
 .fini          0x0800a6d4        0x4 f:/stm32/win-dev-tools/gcc-arm-none-eabi/bin/../lib/gcc/arm-none-eabi/10.3.1/thumb/v7-m/nofp/crti.o
                0x0800a6d4                _fini
 .fini          0x0800a6d8        0x8 f:/stm32/win-dev-tools/gcc-arm-none-eabi/bin/../lib/gcc/arm-none-eabi/10.3.1/thumb/v7-m/nofp/crtn.o
                0x0800a6e0                . = ALIGN (0x4)
                0x0800a6e0                _etext = .

.vfp11_veneer   0x0800a6e0        0x0
 .vfp11_veneer  0x0800a6e0        0x0 linker stubs

.v4_bx          0x0800a6e0        0x0
 .v4_bx         0x0800a6e0        0x0 linker stubs

.iplt           0x0800a6e0        0x0
 .iplt          0x0800a6e0        0x0 f:/stm32/win-dev-tools/gcc-arm-none-eabi/bin/../lib/gcc/arm-none-eabi/10.3.1/thumb/v7-m/nofp/crtbegin.o

.rodata         0x0800a6e0     0x239c
                0x0800a6e0                . = ALIGN (0x4)
 *(.rodata)
 *(.rodata*)
 .rodata.LoadUI.str1.4
                0x0800a6e0        0x7 build/main.o
 *fill*         0x0800a6e7        0x1 
 .rodata.aPLLMULFactorTable.1
                0x0800a6e8       0x10 build/stm32f1xx_hal_rcc.o
 .rodata.aPredivFactorTable.0
                0x0800a6f8        0x2 build/stm32f1xx_hal_rcc.o
 *fill*         0x0800a6fa        0x2 
 .rodata.AHBPrescTable
                0x0800a6fc       0x10 build/system_stm32f1xx.o
                0x0800a6fc                AHBPrescTable
 .rodata.APBPrescTable
                0x0800a70c        0x8 build/system_stm32f1xx.o
                0x0800a70c                APBPrescTable
 .rodata.MENU_Information.str1.4
                0x0800a714       0x31 build/MENU.o
 *fill*         0x0800a745        0x3 
 .rodata.str1.4
                0x0800a748       0x98 build/MENU.o
 .rodata.Font16x26
                0x0800a7e0     0x134c build/ssd1306_fonts.o
 .rodata.Font6x8
                0x0800bb2c      0x5f0 build/ssd1306_fonts.o
 .rodata.Font_16x26
                0x0800c11c        0xc build/ssd1306_fonts.o
                0x0800c11c                Font_16x26
 .rodata.Font_6x8
                0x0800c128        0xc build/ssd1306_fonts.o
                0x0800c128                Font_6x8
 .rodata._ftoa.str1.4
                0x0800c134       0x15 build/printf.o
 *fill*         0x0800c149        0x7 
 .rodata.pow10.0
                0x0800c150       0x50 build/printf.o
 .rodata._global_impure_ptr
                0x0800c1a0        0x4 f:/stm32/win-dev-tools/gcc-arm-none-eabi/bin/../lib/gcc/arm-none-eabi/10.3.1/../../../../arm-none-eabi/lib/thumb/v7-m/nofp\libc_nano.a(lib_a-impure.o)
                0x0800c1a0                _global_impure_ptr
 .rodata._printf_float.str1.1
                0x0800c1a4       0x12 f:/stm32/win-dev-tools/gcc-arm-none-eabi/bin/../lib/gcc/arm-none-eabi/10.3.1/../../../../arm-none-eabi/lib/thumb/v7-m/nofp\libc_nano.a(lib_a-nano-vfprintf_float.o)
 .rodata._printf_i.str1.1
                0x0800c1b6       0x22 f:/stm32/win-dev-tools/gcc-arm-none-eabi/bin/../lib/gcc/arm-none-eabi/10.3.1/../../../../arm-none-eabi/lib/thumb/v7-m/nofp\libc_nano.a(lib_a-nano-vfprintf_i.o)
 .rodata._scanf_float.str1.1
                0x0800c1d8        0x5 f:/stm32/win-dev-tools/gcc-arm-none-eabi/bin/../lib/gcc/arm-none-eabi/10.3.1/../../../../arm-none-eabi/lib/thumb/v7-m/nofp\libc_nano.a(lib_a-nano-vfscanf_float.o)
                                  0x6 (size before relaxing)
 .rodata._strtod_l.str1.1
                0x0800c1dd        0x5 f:/stm32/win-dev-tools/gcc-arm-none-eabi/bin/../lib/gcc/arm-none-eabi/10.3.1/../../../../arm-none-eabi/lib/thumb/v7-m/nofp\libc_nano.a(lib_a-strtod.o)
                                  0xd (size before relaxing)
 *fill*         0x0800c1dd        0x3 
 .rodata.fpi.1  0x0800c1e0       0x14 f:/stm32/win-dev-tools/gcc-arm-none-eabi/bin/../lib/gcc/arm-none-eabi/10.3.1/../../../../arm-none-eabi/lib/thumb/v7-m/nofp\libc_nano.a(lib_a-strtod.o)
 .rodata.fpinan.0
                0x0800c1f4       0x14 f:/stm32/win-dev-tools/gcc-arm-none-eabi/bin/../lib/gcc/arm-none-eabi/10.3.1/../../../../arm-none-eabi/lib/thumb/v7-m/nofp\libc_nano.a(lib_a-strtod.o)
 .rodata.tinytens
                0x0800c208       0x28 f:/stm32/win-dev-tools/gcc-arm-none-eabi/bin/../lib/gcc/arm-none-eabi/10.3.1/../../../../arm-none-eabi/lib/thumb/v7-m/nofp\libc_nano.a(lib_a-strtod.o)
 .rodata._ctype_
                0x0800c230      0x101 f:/stm32/win-dev-tools/gcc-arm-none-eabi/bin/../lib/gcc/arm-none-eabi/10.3.1/../../../../arm-none-eabi/lib/thumb/v7-m/nofp\libc_nano.a(lib_a-ctype_.o)
                0x0800c230                _ctype_
 .rodata._dtoa_r.str1.1
                0x0800c331       0xb3 f:/stm32/win-dev-tools/gcc-arm-none-eabi/bin/../lib/gcc/arm-none-eabi/10.3.1/../../../../arm-none-eabi/lib/thumb/v7-m/nofp\libc_nano.a(lib_a-dtoa.o)
                                 0xb5 (size before relaxing)
 .rodata.__gethex.str1.1
                0x0800c3e4       0x86 f:/stm32/win-dev-tools/gcc-arm-none-eabi/bin/../lib/gcc/arm-none-eabi/10.3.1/../../../../arm-none-eabi/lib/thumb/v7-m/nofp\libc_nano.a(lib_a-gdtoa-gethex.o)
                                 0x97 (size before relaxing)
 .rodata.str1.1
                0x0800c46a        0x2 f:/stm32/win-dev-tools/gcc-arm-none-eabi/bin/../lib/gcc/arm-none-eabi/10.3.1/../../../../arm-none-eabi/lib/thumb/v7-m/nofp\libc_nano.a(lib_a-lnumeric.o)
                                  0x3 (size before relaxing)
 .rodata._C_numeric_locale
                0x0800c46c        0xc f:/stm32/win-dev-tools/gcc-arm-none-eabi/bin/../lib/gcc/arm-none-eabi/10.3.1/../../../../arm-none-eabi/lib/thumb/v7-m/nofp\libc_nano.a(lib_a-lnumeric.o)
                0x0800c46c                _C_numeric_locale
 .rodata._setlocale_r.str1.1
                0x0800c478        0x8 f:/stm32/win-dev-tools/gcc-arm-none-eabi/bin/../lib/gcc/arm-none-eabi/10.3.1/../../../../arm-none-eabi/lib/thumb/v7-m/nofp\libc_nano.a(lib_a-locale.o)
                                  0x9 (size before relaxing)
 .rodata.str1.1
                0x0800c480        0x2 f:/stm32/win-dev-tools/gcc-arm-none-eabi/bin/../lib/gcc/arm-none-eabi/10.3.1/../../../../arm-none-eabi/lib/thumb/v7-m/nofp\libc_nano.a(lib_a-locale.o)
 .rodata._Balloc.str1.1
                0x0800c480       0x7f f:/stm32/win-dev-tools/gcc-arm-none-eabi/bin/../lib/gcc/arm-none-eabi/10.3.1/../../../../arm-none-eabi/lib/thumb/v7-m/nofp\libc_nano.a(lib_a-mprec.o)
                                 0x96 (size before relaxing)
 .rodata.__multadd.str1.1
                0x0800c4ff       0x11 f:/stm32/win-dev-tools/gcc-arm-none-eabi/bin/../lib/gcc/arm-none-eabi/10.3.1/../../../../arm-none-eabi/lib/thumb/v7-m/nofp\libc_nano.a(lib_a-mprec.o)
 *fill*         0x0800c4ff        0x1 
 .rodata.__mprec_bigtens
                0x0800c500       0x28 f:/stm32/win-dev-tools/gcc-arm-none-eabi/bin/../lib/gcc/arm-none-eabi/10.3.1/../../../../arm-none-eabi/lib/thumb/v7-m/nofp\libc_nano.a(lib_a-mprec.o)
                0x0800c500                __mprec_bigtens
 .rodata.__mprec_tens
                0x0800c528       0xc8 f:/stm32/win-dev-tools/gcc-arm-none-eabi/bin/../lib/gcc/arm-none-eabi/10.3.1/../../../../arm-none-eabi/lib/thumb/v7-m/nofp\libc_nano.a(lib_a-mprec.o)
                0x0800c528                __mprec_tens
 .rodata.p05.0  0x0800c5f0        0xc f:/stm32/win-dev-tools/gcc-arm-none-eabi/bin/../lib/gcc/arm-none-eabi/10.3.1/../../../../arm-none-eabi/lib/thumb/v7-m/nofp\libc_nano.a(lib_a-mprec.o)
 .rodata._svfprintf_r.str1.1
                0x0800c5fc       0x11 f:/stm32/win-dev-tools/gcc-arm-none-eabi/bin/../lib/gcc/arm-none-eabi/10.3.1/../../../../arm-none-eabi/lib/thumb/v7-m/nofp\libc_nano.a(lib_a-nano-svfprintf.o)
 .rodata.__assert_func.str1.1
                0x0800c60d       0x3c f:/stm32/win-dev-tools/gcc-arm-none-eabi/bin/../lib/gcc/arm-none-eabi/10.3.1/../../../../arm-none-eabi/lib/thumb/v7-m/nofp\libc_nano.a(lib_a-assert.o)
                                 0x3d (size before relaxing)
 .rodata._vfprintf_r.str1.1
                0x0800c649       0x11 f:/stm32/win-dev-tools/gcc-arm-none-eabi/bin/../lib/gcc/arm-none-eabi/10.3.1/../../../../arm-none-eabi/lib/thumb/v7-m/nofp\libc_nano.a(lib_a-nano-vfprintf.o)
 *fill*         0x0800c649        0x3 
 .rodata.__sf_fake_stderr
                0x0800c64c       0x20 f:/stm32/win-dev-tools/gcc-arm-none-eabi/bin/../lib/gcc/arm-none-eabi/10.3.1/../../../../arm-none-eabi/lib/thumb/v7-m/nofp\libc_nano.a(lib_a-findfp.o)
                0x0800c64c                __sf_fake_stderr
 .rodata.__sf_fake_stdin
                0x0800c66c       0x20 f:/stm32/win-dev-tools/gcc-arm-none-eabi/bin/../lib/gcc/arm-none-eabi/10.3.1/../../../../arm-none-eabi/lib/thumb/v7-m/nofp\libc_nano.a(lib_a-findfp.o)
                0x0800c66c                __sf_fake_stdin
 .rodata.__sf_fake_stdout
                0x0800c68c       0x20 f:/stm32/win-dev-tools/gcc-arm-none-eabi/bin/../lib/gcc/arm-none-eabi/10.3.1/../../../../arm-none-eabi/lib/thumb/v7-m/nofp\libc_nano.a(lib_a-findfp.o)
                0x0800c68c                __sf_fake_stdout
 .rodata.npio2_hw
                0x0800c6ac       0x80 f:/stm32/win-dev-tools/gcc-arm-none-eabi/bin/../lib/gcc/arm-none-eabi/10.3.1/../../../../arm-none-eabi/lib/thumb/v7-m/nofp\libm.a(lib_a-ef_rem_pio2.o)
 .rodata.two_over_pi
                0x0800c72c      0x318 f:/stm32/win-dev-tools/gcc-arm-none-eabi/bin/../lib/gcc/arm-none-eabi/10.3.1/../../../../arm-none-eabi/lib/thumb/v7-m/nofp\libm.a(lib_a-ef_rem_pio2.o)
 .rodata.PIo2   0x0800ca44       0x2c f:/stm32/win-dev-tools/gcc-arm-none-eabi/bin/../lib/gcc/arm-none-eabi/10.3.1/../../../../arm-none-eabi/lib/thumb/v7-m/nofp\libm.a(lib_a-kf_rem_pio2.o)
 .rodata.init_jk
                0x0800ca70        0xc f:/stm32/win-dev-tools/gcc-arm-none-eabi/bin/../lib/gcc/arm-none-eabi/10.3.1/../../../../arm-none-eabi/lib/thumb/v7-m/nofp\libm.a(lib_a-kf_rem_pio2.o)
                0x0800ca7c                . = ALIGN (0x4)

.ARM.extab
 *(.ARM.extab* .gnu.linkonce.armextab.*)

.ARM            0x0800ca7c        0x8
                0x0800ca7c                __exidx_start = .
 *(.ARM.exidx*)
 .ARM.exidx     0x0800ca7c        0x8 f:/stm32/win-dev-tools/gcc-arm-none-eabi/bin/../lib/gcc/arm-none-eabi/10.3.1/thumb/v7-m/nofp\libgcc.a(_udivmoddi4.o)
                0x0800ca84                __exidx_end = .

.rel.dyn        0x0800ca84        0x0
 .rel.iplt      0x0800ca84        0x0 f:/stm32/win-dev-tools/gcc-arm-none-eabi/bin/../lib/gcc/arm-none-eabi/10.3.1/thumb/v7-m/nofp/crtbegin.o

.preinit_array  0x0800ca84        0x0
                0x0800ca84                PROVIDE (__preinit_array_start = .)
 *(.preinit_array*)
                0x0800ca84                PROVIDE (__preinit_array_end = .)

.init_array     0x0800ca84        0x4
                0x0800ca84                PROVIDE (__init_array_start = .)
 *(SORT_BY_NAME(.init_array.*))
 *(.init_array*)
 .init_array    0x0800ca84        0x4 f:/stm32/win-dev-tools/gcc-arm-none-eabi/bin/../lib/gcc/arm-none-eabi/10.3.1/thumb/v7-m/nofp/crtbegin.o
                0x0800ca88                PROVIDE (__init_array_end = .)

.fini_array     0x0800ca88        0x4
                [!provide]                PROVIDE (__fini_array_start = .)
 *(SORT_BY_NAME(.fini_array.*))
 *(.fini_array*)
 .fini_array    0x0800ca88        0x4 f:/stm32/win-dev-tools/gcc-arm-none-eabi/bin/../lib/gcc/arm-none-eabi/10.3.1/thumb/v7-m/nofp/crtbegin.o
                [!provide]                PROVIDE (__fini_array_end = .)
                0x0800ca8c                _sidata = LOADADDR (.data)

.data           0x20000000      0x34c load address 0x0800ca8c
                0x20000000                . = ALIGN (0x4)
                0x20000000                _sdata = .
 *(.data)
 *(.data*)
 .data.uwTickFreq
                0x20000000        0x1 build/stm32f1xx_hal.o
                0x20000000                uwTickFreq
 *fill*         0x20000001        0x3 
 .data.uwTickPrio
                0x20000004        0x4 build/stm32f1xx_hal.o
                0x20000004                uwTickPrio
 .data.SystemCoreClock
                0x20000008        0x4 build/system_stm32f1xx.o
                0x20000008                SystemCoreClock
 .data.MENU.1   0x2000000c       0x14 build/MENU.o
 .data.MENU.3   0x20000020       0x14 build/MENU.o
 .data.MENU.5   0x20000034       0x14 build/MENU.o
 .data.MENU_OptionList.0
                0x20000048       0x60 build/MENU.o
 .data.MENU_OptionList.2
                0x200000a8       0x70 build/MENU.o
 .data.MENU_OptionList.4
                0x20000118       0x60 build/MENU.o
 .data._impure_ptr
                0x20000178        0x4 f:/stm32/win-dev-tools/gcc-arm-none-eabi/bin/../lib/gcc/arm-none-eabi/10.3.1/../../../../arm-none-eabi/lib/thumb/v7-m/nofp\libc_nano.a(lib_a-impure.o)
                0x20000178                _impure_ptr
 .data.impure_data
                0x2000017c       0x60 f:/stm32/win-dev-tools/gcc-arm-none-eabi/bin/../lib/gcc/arm-none-eabi/10.3.1/../../../../arm-none-eabi/lib/thumb/v7-m/nofp\libc_nano.a(lib_a-impure.o)
 .data.numempty
                0x200001dc        0x2 f:/stm32/win-dev-tools/gcc-arm-none-eabi/bin/../lib/gcc/arm-none-eabi/10.3.1/../../../../arm-none-eabi/lib/thumb/v7-m/nofp\libc_nano.a(lib_a-lnumeric.o)
 *fill*         0x200001de        0x2 
 .data.__global_locale
                0x200001e0      0x16c f:/stm32/win-dev-tools/gcc-arm-none-eabi/bin/../lib/gcc/arm-none-eabi/10.3.1/../../../../arm-none-eabi/lib/thumb/v7-m/nofp\libc_nano.a(lib_a-locale.o)
                0x200001e0                __global_locale
                0x2000034c                . = ALIGN (0x4)
                0x2000034c                _edata = .

.igot.plt       0x2000034c        0x0 load address 0x0800cdd8
 .igot.plt      0x2000034c        0x0 f:/stm32/win-dev-tools/gcc-arm-none-eabi/bin/../lib/gcc/arm-none-eabi/10.3.1/thumb/v7-m/nofp/crtbegin.o
                0x2000034c                . = ALIGN (0x4)

.bss            0x2000034c      0x530 load address 0x0800cdd8
                0x2000034c                _sbss = .
                0x2000034c                __bss_start__ = _sbss
 *(.bss)
 .bss           0x2000034c       0x1c f:/stm32/win-dev-tools/gcc-arm-none-eabi/bin/../lib/gcc/arm-none-eabi/10.3.1/thumb/v7-m/nofp/crtbegin.o
 *(.bss*)
 .bss.KEY       0x20000368       0x1c build/main.o
                0x20000368                KEY
 .bss.event_cnt.0
                0x20000384        0x1 build/main.o
 *fill*         0x20000385        0x3 
 .bss.hi2c1     0x20000388       0x54 build/i2c.o
                0x20000388                hi2c1
 .bss.uwTick    0x200003dc        0x4 build/stm32f1xx_hal.o
                0x200003dc                uwTick
 .bss.VerticalOffsetBuffer.22
                0x200003e0        0x4 build/MENU.o
 .bss.actual_xend.13
                0x200003e4        0x4 build/MENU.o
 .bss.actual_xsta.17
                0x200003e8        0x4 build/MENU.o
 .bss.actual_yend.11
                0x200003ec        0x4 build/MENU.o
 .bss.actual_ysta.15
                0x200003f0        0x4 build/MENU.o
 .bss.bounce_cnt_xend.7
                0x200003f4        0x1 build/MENU.o
 .bss.bounce_cnt_xsta.9
                0x200003f5        0x1 build/MENU.o
 .bss.bounce_cnt_yend.6
                0x200003f6        0x1 build/MENU.o
 .bss.bounce_cnt_ysta.8
                0x200003f7        0x1 build/MENU.o
 .bss.bounce_xend.12
                0x200003f8        0x4 build/MENU.o
 .bss.bounce_xsta.16
                0x200003fc        0x4 build/MENU.o
 .bss.bounce_yend.10
                0x20000400        0x4 build/MENU.o
 .bss.bounce_ysta.14
                0x20000404        0x4 build/MENU.o
 .bss.target_xend.19
                0x20000408        0x4 build/MENU.o
 .bss.target_xsta.21
                0x2000040c        0x4 build/MENU.o
 .bss.target_yend.18
                0x20000410        0x4 build/MENU.o
 .bss.target_ysta.20
                0x20000414        0x4 build/MENU.o
 .bss.SSD1306   0x20000418        0x6 build/ssd1306.o
 *fill*         0x2000041e        0x2 
 .bss.SSD1306_Buffer
                0x20000420      0x400 build/ssd1306.o
 .bss.heap_end.0
                0x20000820        0x4 build/syscalls.o
 .bss.huart1    0x20000824       0x48 build/usart.o
                0x20000824                huart1
 .bss.__malloc_free_list
                0x2000086c        0x4 f:/stm32/win-dev-tools/gcc-arm-none-eabi/bin/../lib/gcc/arm-none-eabi/10.3.1/../../../../arm-none-eabi/lib/thumb/v7-m/nofp\libc_nano.a(lib_a-nano-mallocr.o)
                0x2000086c                __malloc_free_list
 .bss.__malloc_sbrk_start
                0x20000870        0x4 f:/stm32/win-dev-tools/gcc-arm-none-eabi/bin/../lib/gcc/arm-none-eabi/10.3.1/../../../../arm-none-eabi/lib/thumb/v7-m/nofp\libc_nano.a(lib_a-nano-mallocr.o)
                0x20000870                __malloc_sbrk_start
 .bss.errno     0x20000874        0x4 f:/stm32/win-dev-tools/gcc-arm-none-eabi/bin/../lib/gcc/arm-none-eabi/10.3.1/../../../../arm-none-eabi/lib/thumb/v7-m/nofp\libc_nano.a(lib_a-reent.o)
                0x20000874                errno
 .bss.__lock___malloc_recursive_mutex
                0x20000878        0x1 f:/stm32/win-dev-tools/gcc-arm-none-eabi/bin/../lib/gcc/arm-none-eabi/10.3.1/../../../../arm-none-eabi/lib/thumb/v7-m/nofp\libc_nano.a(lib_a-lock.o)
                0x20000878                __lock___malloc_recursive_mutex
 .bss.__lock___sfp_recursive_mutex
                0x20000879        0x1 f:/stm32/win-dev-tools/gcc-arm-none-eabi/bin/../lib/gcc/arm-none-eabi/10.3.1/../../../../arm-none-eabi/lib/thumb/v7-m/nofp\libc_nano.a(lib_a-lock.o)
                0x20000879                __lock___sfp_recursive_mutex
 .bss.__lock___sinit_recursive_mutex
                0x2000087a        0x1 f:/stm32/win-dev-tools/gcc-arm-none-eabi/bin/../lib/gcc/arm-none-eabi/10.3.1/../../../../arm-none-eabi/lib/thumb/v7-m/nofp\libc_nano.a(lib_a-lock.o)
                0x2000087a                __lock___sinit_recursive_mutex
 *(COMMON)
                0x2000087c                . = ALIGN (0x4)
 *fill*         0x2000087b        0x1 
                0x2000087c                _ebss = .
                0x2000087c                __bss_end__ = _ebss

._user_heap_stack
                0x2000087c      0x604 load address 0x0800cdd8
                0x20000880                . = ALIGN (0x8)
 *fill*         0x2000087c        0x4 
                0x20000880                PROVIDE (end = .)
                [!provide]                PROVIDE (_end = .)
                0x20000a80                . = (. + _Min_Heap_Size)
 *fill*         0x20000880      0x200 
                0x20000e80                . = (. + _Min_Stack_Size)
 *fill*         0x20000a80      0x400 
                0x20000e80                . = ALIGN (0x8)

/DISCARD/
 libc.a(*)
 libm.a(*)
 libgcc.a(*)

.ARM.attributes
                0x00000000       0x29
 *(.ARM.attributes)
 .ARM.attributes
                0x00000000       0x1d f:/stm32/win-dev-tools/gcc-arm-none-eabi/bin/../lib/gcc/arm-none-eabi/10.3.1/thumb/v7-m/nofp/crti.o
 .ARM.attributes
                0x0000001d       0x2d f:/stm32/win-dev-tools/gcc-arm-none-eabi/bin/../lib/gcc/arm-none-eabi/10.3.1/thumb/v7-m/nofp/crtbegin.o
 .ARM.attributes
                0x0000004a       0x2d build/main.o
 .ARM.attributes
                0x00000077       0x2d build/gpio.o
 .ARM.attributes
                0x000000a4       0x2d build/i2c.o
 .ARM.attributes
                0x000000d1       0x2d build/stm32f1xx_it.o
 .ARM.attributes
                0x000000fe       0x2d build/stm32f1xx_hal_msp.o
 .ARM.attributes
                0x0000012b       0x2d build/stm32f1xx_hal_i2c.o
 .ARM.attributes
                0x00000158       0x2d build/stm32f1xx_hal.o
 .ARM.attributes
                0x00000185       0x2d build/stm32f1xx_hal_rcc.o
 .ARM.attributes
                0x000001b2       0x2d build/stm32f1xx_hal_gpio.o
 .ARM.attributes
                0x000001df       0x2d build/stm32f1xx_hal_cortex.o
 .ARM.attributes
                0x0000020c       0x2d build/system_stm32f1xx.o
 .ARM.attributes
                0x00000239       0x2d build/MENU.o
 .ARM.attributes
                0x00000266       0x2d build/ssd1306_fonts.o
 .ARM.attributes
                0x00000293       0x2d build/ssd1306.o
 .ARM.attributes
                0x000002c0       0x2d build/printf.o
 .ARM.attributes
                0x000002ed       0x2d build/syscalls.o
 .ARM.attributes
                0x0000031a       0x2d build/usart.o
 .ARM.attributes
                0x00000347       0x2d build/stm32f1xx_hal_uart.o
 .ARM.attributes
                0x00000374       0x21 build/startup_stm32f103xb.o
 .ARM.attributes
                0x00000395       0x2d f:/stm32/win-dev-tools/gcc-arm-none-eabi/bin/../lib/gcc/arm-none-eabi/10.3.1/../../../../arm-none-eabi/lib/thumb/v7-m/nofp\libc_nano.a(lib_a-errno.o)
 .ARM.attributes
                0x000003c2       0x2d f:/stm32/win-dev-tools/gcc-arm-none-eabi/bin/../lib/gcc/arm-none-eabi/10.3.1/../../../../arm-none-eabi/lib/thumb/v7-m/nofp\libc_nano.a(lib_a-impure.o)
 .ARM.attributes
                0x000003ef       0x2d f:/stm32/win-dev-tools/gcc-arm-none-eabi/bin/../lib/gcc/arm-none-eabi/10.3.1/../../../../arm-none-eabi/lib/thumb/v7-m/nofp\libc_nano.a(lib_a-init.o)
 .ARM.attributes
                0x0000041c       0x2d f:/stm32/win-dev-tools/gcc-arm-none-eabi/bin/../lib/gcc/arm-none-eabi/10.3.1/../../../../arm-none-eabi/lib/thumb/v7-m/nofp\libc_nano.a(lib_a-memcpy-stub.o)
 .ARM.attributes
                0x00000449       0x2d f:/stm32/win-dev-tools/gcc-arm-none-eabi/bin/../lib/gcc/arm-none-eabi/10.3.1/../../../../arm-none-eabi/lib/thumb/v7-m/nofp\libc_nano.a(lib_a-memmove.o)
 .ARM.attributes
                0x00000476       0x2d f:/stm32/win-dev-tools/gcc-arm-none-eabi/bin/../lib/gcc/arm-none-eabi/10.3.1/../../../../arm-none-eabi/lib/thumb/v7-m/nofp\libc_nano.a(lib_a-memset.o)
 .ARM.attributes
                0x000004a3       0x2d f:/stm32/win-dev-tools/gcc-arm-none-eabi/bin/../lib/gcc/arm-none-eabi/10.3.1/../../../../arm-none-eabi/lib/thumb/v7-m/nofp\libc_nano.a(lib_a-nano-vfprintf_float.o)
 .ARM.attributes
                0x000004d0       0x2d f:/stm32/win-dev-tools/gcc-arm-none-eabi/bin/../lib/gcc/arm-none-eabi/10.3.1/../../../../arm-none-eabi/lib/thumb/v7-m/nofp\libc_nano.a(lib_a-nano-vfprintf_i.o)
 .ARM.attributes
                0x000004fd       0x2d f:/stm32/win-dev-tools/gcc-arm-none-eabi/bin/../lib/gcc/arm-none-eabi/10.3.1/../../../../arm-none-eabi/lib/thumb/v7-m/nofp\libc_nano.a(lib_a-nano-vfscanf_float.o)
 .ARM.attributes
                0x0000052a       0x2d f:/stm32/win-dev-tools/gcc-arm-none-eabi/bin/../lib/gcc/arm-none-eabi/10.3.1/../../../../arm-none-eabi/lib/thumb/v7-m/nofp\libc_nano.a(lib_a-sf_nan.o)
 .ARM.attributes
                0x00000557       0x2d f:/stm32/win-dev-tools/gcc-arm-none-eabi/bin/../lib/gcc/arm-none-eabi/10.3.1/../../../../arm-none-eabi/lib/thumb/v7-m/nofp\libc_nano.a(lib_a-sprintf.o)
 .ARM.attributes
                0x00000584       0x17 f:/stm32/win-dev-tools/gcc-arm-none-eabi/bin/../lib/gcc/arm-none-eabi/10.3.1/../../../../arm-none-eabi/lib/thumb/v7-m/nofp\libc_nano.a(lib_a-strlen.o)
 .ARM.attributes
                0x0000059b       0x2d f:/stm32/win-dev-tools/gcc-arm-none-eabi/bin/../lib/gcc/arm-none-eabi/10.3.1/../../../../arm-none-eabi/lib/thumb/v7-m/nofp\libc_nano.a(lib_a-strtod.o)
 .ARM.attributes
                0x000005c8       0x2d f:/stm32/win-dev-tools/gcc-arm-none-eabi/bin/../lib/gcc/arm-none-eabi/10.3.1/../../../../arm-none-eabi/lib/thumb/v7-m/nofp\libc_nano.a(lib_a-strtol.o)
 .ARM.attributes
                0x000005f5       0x2d f:/stm32/win-dev-tools/gcc-arm-none-eabi/bin/../lib/gcc/arm-none-eabi/10.3.1/../../../../arm-none-eabi/lib/thumb/v7-m/nofp\libc_nano.a(lib_a-ctype_.o)
 .ARM.attributes
                0x00000622       0x2d f:/stm32/win-dev-tools/gcc-arm-none-eabi/bin/../lib/gcc/arm-none-eabi/10.3.1/../../../../arm-none-eabi/lib/thumb/v7-m/nofp\libc_nano.a(lib_a-dtoa.o)
 .ARM.attributes
                0x0000064f       0x2d f:/stm32/win-dev-tools/gcc-arm-none-eabi/bin/../lib/gcc/arm-none-eabi/10.3.1/../../../../arm-none-eabi/lib/thumb/v7-m/nofp\libc_nano.a(lib_a-gdtoa-gethex.o)
 .ARM.attributes
                0x0000067c       0x2d f:/stm32/win-dev-tools/gcc-arm-none-eabi/bin/../lib/gcc/arm-none-eabi/10.3.1/../../../../arm-none-eabi/lib/thumb/v7-m/nofp\libc_nano.a(lib_a-gdtoa-hexnan.o)
 .ARM.attributes
                0x000006a9       0x2d f:/stm32/win-dev-tools/gcc-arm-none-eabi/bin/../lib/gcc/arm-none-eabi/10.3.1/../../../../arm-none-eabi/lib/thumb/v7-m/nofp\libc_nano.a(lib_a-lnumeric.o)
 .ARM.attributes
                0x000006d6       0x2d f:/stm32/win-dev-tools/gcc-arm-none-eabi/bin/../lib/gcc/arm-none-eabi/10.3.1/../../../../arm-none-eabi/lib/thumb/v7-m/nofp\libc_nano.a(lib_a-locale.o)
 .ARM.attributes
                0x00000703       0x2d f:/stm32/win-dev-tools/gcc-arm-none-eabi/bin/../lib/gcc/arm-none-eabi/10.3.1/../../../../arm-none-eabi/lib/thumb/v7-m/nofp\libc_nano.a(lib_a-localeconv.o)
 .ARM.attributes
                0x00000730       0x2d f:/stm32/win-dev-tools/gcc-arm-none-eabi/bin/../lib/gcc/arm-none-eabi/10.3.1/../../../../arm-none-eabi/lib/thumb/v7-m/nofp\libc_nano.a(lib_a-malloc.o)
 .ARM.attributes
                0x0000075d       0x2d f:/stm32/win-dev-tools/gcc-arm-none-eabi/bin/../lib/gcc/arm-none-eabi/10.3.1/../../../../arm-none-eabi/lib/thumb/v7-m/nofp\libc_nano.a(lib_a-mbtowc_r.o)
 .ARM.attributes
                0x0000078a       0x2d f:/stm32/win-dev-tools/gcc-arm-none-eabi/bin/../lib/gcc/arm-none-eabi/10.3.1/../../../../arm-none-eabi/lib/thumb/v7-m/nofp\libc_nano.a(lib_a-memchr-stub.o)
 .ARM.attributes
                0x000007b7       0x2d f:/stm32/win-dev-tools/gcc-arm-none-eabi/bin/../lib/gcc/arm-none-eabi/10.3.1/../../../../arm-none-eabi/lib/thumb/v7-m/nofp\libc_nano.a(lib_a-mprec.o)
 .ARM.attributes
                0x000007e4       0x2d f:/stm32/win-dev-tools/gcc-arm-none-eabi/bin/../lib/gcc/arm-none-eabi/10.3.1/../../../../arm-none-eabi/lib/thumb/v7-m/nofp\libc_nano.a(lib_a-nano-callocr.o)
 .ARM.attributes
                0x00000811       0x2d f:/stm32/win-dev-tools/gcc-arm-none-eabi/bin/../lib/gcc/arm-none-eabi/10.3.1/../../../../arm-none-eabi/lib/thumb/v7-m/nofp\libc_nano.a(lib_a-nano-freer.o)
 .ARM.attributes
                0x0000083e       0x2d f:/stm32/win-dev-tools/gcc-arm-none-eabi/bin/../lib/gcc/arm-none-eabi/10.3.1/../../../../arm-none-eabi/lib/thumb/v7-m/nofp\libc_nano.a(lib_a-nano-mallocr.o)
 .ARM.attributes
                0x0000086b       0x2d f:/stm32/win-dev-tools/gcc-arm-none-eabi/bin/../lib/gcc/arm-none-eabi/10.3.1/../../../../arm-none-eabi/lib/thumb/v7-m/nofp\libc_nano.a(lib_a-nano-svfprintf.o)
 .ARM.attributes
                0x00000898       0x2d f:/stm32/win-dev-tools/gcc-arm-none-eabi/bin/../lib/gcc/arm-none-eabi/10.3.1/../../../../arm-none-eabi/lib/thumb/v7-m/nofp\libc_nano.a(lib_a-s_nan.o)
 .ARM.attributes
                0x000008c5       0x2d f:/stm32/win-dev-tools/gcc-arm-none-eabi/bin/../lib/gcc/arm-none-eabi/10.3.1/../../../../arm-none-eabi/lib/thumb/v7-m/nofp\libc_nano.a(lib_a-sbrkr.o)
 .ARM.attributes
                0x000008f2       0x2d f:/stm32/win-dev-tools/gcc-arm-none-eabi/bin/../lib/gcc/arm-none-eabi/10.3.1/../../../../arm-none-eabi/lib/thumb/v7-m/nofp\libc_nano.a(lib_a-strncmp.o)
 .ARM.attributes
                0x0000091f       0x2d f:/stm32/win-dev-tools/gcc-arm-none-eabi/bin/../lib/gcc/arm-none-eabi/10.3.1/../../../../arm-none-eabi/lib/thumb/v7-m/nofp\libc_nano.a(lib_a-wctomb_r.o)
 .ARM.attributes
                0x0000094c       0x2d f:/stm32/win-dev-tools/gcc-arm-none-eabi/bin/../lib/gcc/arm-none-eabi/10.3.1/../../../../arm-none-eabi/lib/thumb/v7-m/nofp\libc_nano.a(lib_a-assert.o)
 .ARM.attributes
                0x00000979       0x2d f:/stm32/win-dev-tools/gcc-arm-none-eabi/bin/../lib/gcc/arm-none-eabi/10.3.1/../../../../arm-none-eabi/lib/thumb/v7-m/nofp\libc_nano.a(lib_a-fprintf.o)
 .ARM.attributes
                0x000009a6       0x2d f:/stm32/win-dev-tools/gcc-arm-none-eabi/bin/../lib/gcc/arm-none-eabi/10.3.1/../../../../arm-none-eabi/lib/thumb/v7-m/nofp\libc_nano.a(lib_a-mlock.o)
 .ARM.attributes
                0x000009d3       0x2d f:/stm32/win-dev-tools/gcc-arm-none-eabi/bin/../lib/gcc/arm-none-eabi/10.3.1/../../../../arm-none-eabi/lib/thumb/v7-m/nofp\libc_nano.a(lib_a-nano-reallocr.o)
 .ARM.attributes
                0x00000a00       0x2d f:/stm32/win-dev-tools/gcc-arm-none-eabi/bin/../lib/gcc/arm-none-eabi/10.3.1/../../../../arm-none-eabi/lib/thumb/v7-m/nofp\libc_nano.a(lib_a-nano-vfprintf.o)
 .ARM.attributes
                0x00000a2d       0x2d f:/stm32/win-dev-tools/gcc-arm-none-eabi/bin/../lib/gcc/arm-none-eabi/10.3.1/../../../../arm-none-eabi/lib/thumb/v7-m/nofp\libc_nano.a(lib_a-reent.o)
 .ARM.attributes
                0x00000a5a       0x2d f:/stm32/win-dev-tools/gcc-arm-none-eabi/bin/../lib/gcc/arm-none-eabi/10.3.1/../../../../arm-none-eabi/lib/thumb/v7-m/nofp\libc_nano.a(lib_a-wbuf.o)
 .ARM.attributes
                0x00000a87       0x2d f:/stm32/win-dev-tools/gcc-arm-none-eabi/bin/../lib/gcc/arm-none-eabi/10.3.1/../../../../arm-none-eabi/lib/thumb/v7-m/nofp\libc_nano.a(lib_a-wsetup.o)
 .ARM.attributes
                0x00000ab4       0x2d f:/stm32/win-dev-tools/gcc-arm-none-eabi/bin/../lib/gcc/arm-none-eabi/10.3.1/../../../../arm-none-eabi/lib/thumb/v7-m/nofp\libc_nano.a(lib_a-abort.o)
 .ARM.attributes
                0x00000ae1       0x2d f:/stm32/win-dev-tools/gcc-arm-none-eabi/bin/../lib/gcc/arm-none-eabi/10.3.1/../../../../arm-none-eabi/lib/thumb/v7-m/nofp\libc_nano.a(lib_a-fflush.o)
 .ARM.attributes
                0x00000b0e       0x2d f:/stm32/win-dev-tools/gcc-arm-none-eabi/bin/../lib/gcc/arm-none-eabi/10.3.1/../../../../arm-none-eabi/lib/thumb/v7-m/nofp\libc_nano.a(lib_a-findfp.o)
 .ARM.attributes
                0x00000b3b       0x2d f:/stm32/win-dev-tools/gcc-arm-none-eabi/bin/../lib/gcc/arm-none-eabi/10.3.1/../../../../arm-none-eabi/lib/thumb/v7-m/nofp\libc_nano.a(lib_a-fwalk.o)
 .ARM.attributes
                0x00000b68       0x2d f:/stm32/win-dev-tools/gcc-arm-none-eabi/bin/../lib/gcc/arm-none-eabi/10.3.1/../../../../arm-none-eabi/lib/thumb/v7-m/nofp\libc_nano.a(lib_a-lock.o)
 .ARM.attributes
                0x00000b95       0x2d f:/stm32/win-dev-tools/gcc-arm-none-eabi/bin/../lib/gcc/arm-none-eabi/10.3.1/../../../../arm-none-eabi/lib/thumb/v7-m/nofp\libc_nano.a(lib_a-makebuf.o)
 .ARM.attributes
                0x00000bc2       0x2d f:/stm32/win-dev-tools/gcc-arm-none-eabi/bin/../lib/gcc/arm-none-eabi/10.3.1/../../../../arm-none-eabi/lib/thumb/v7-m/nofp\libc_nano.a(lib_a-nano-msizer.o)
 .ARM.attributes
                0x00000bef       0x2d f:/stm32/win-dev-tools/gcc-arm-none-eabi/bin/../lib/gcc/arm-none-eabi/10.3.1/../../../../arm-none-eabi/lib/thumb/v7-m/nofp\libc_nano.a(lib_a-signal.o)
 .ARM.attributes
                0x00000c1c       0x2d f:/stm32/win-dev-tools/gcc-arm-none-eabi/bin/../lib/gcc/arm-none-eabi/10.3.1/../../../../arm-none-eabi/lib/thumb/v7-m/nofp\libc_nano.a(lib_a-signalr.o)
 .ARM.attributes
                0x00000c49       0x2d f:/stm32/win-dev-tools/gcc-arm-none-eabi/bin/../lib/gcc/arm-none-eabi/10.3.1/../../../../arm-none-eabi/lib/thumb/v7-m/nofp\libc_nano.a(lib_a-stdio.o)
 .ARM.attributes
                0x00000c76       0x2d f:/stm32/win-dev-tools/gcc-arm-none-eabi/bin/../lib/gcc/arm-none-eabi/10.3.1/../../../../arm-none-eabi/lib/thumb/v7-m/nofp\libc_nano.a(lib_a-writer.o)
 .ARM.attributes
                0x00000ca3       0x2d f:/stm32/win-dev-tools/gcc-arm-none-eabi/bin/../lib/gcc/arm-none-eabi/10.3.1/../../../../arm-none-eabi/lib/thumb/v7-m/nofp\libc_nano.a(lib_a-closer.o)
 .ARM.attributes
                0x00000cd0       0x2d f:/stm32/win-dev-tools/gcc-arm-none-eabi/bin/../lib/gcc/arm-none-eabi/10.3.1/../../../../arm-none-eabi/lib/thumb/v7-m/nofp\libc_nano.a(lib_a-fstatr.o)
 .ARM.attributes
                0x00000cfd       0x2d f:/stm32/win-dev-tools/gcc-arm-none-eabi/bin/../lib/gcc/arm-none-eabi/10.3.1/../../../../arm-none-eabi/lib/thumb/v7-m/nofp\libc_nano.a(lib_a-isattyr.o)
 .ARM.attributes
                0x00000d2a       0x2d f:/stm32/win-dev-tools/gcc-arm-none-eabi/bin/../lib/gcc/arm-none-eabi/10.3.1/../../../../arm-none-eabi/lib/thumb/v7-m/nofp\libc_nano.a(lib_a-lseekr.o)
 .ARM.attributes
                0x00000d57       0x2d f:/stm32/win-dev-tools/gcc-arm-none-eabi/bin/../lib/gcc/arm-none-eabi/10.3.1/../../../../arm-none-eabi/lib/thumb/v7-m/nofp\libc_nano.a(lib_a-readr.o)
 .ARM.attributes
                0x00000d84       0x2d f:/stm32/win-dev-tools/gcc-arm-none-eabi/bin/../lib/gcc/arm-none-eabi/10.3.1/../../../../arm-none-eabi/lib/thumb/v7-m/nofp\libm.a(lib_a-sf_cos.o)
 .ARM.attributes
                0x00000db1       0x2d f:/stm32/win-dev-tools/gcc-arm-none-eabi/bin/../lib/gcc/arm-none-eabi/10.3.1/../../../../arm-none-eabi/lib/thumb/v7-m/nofp\libm.a(lib_a-sf_sin.o)
 .ARM.attributes
                0x00000dde       0x2d f:/stm32/win-dev-tools/gcc-arm-none-eabi/bin/../lib/gcc/arm-none-eabi/10.3.1/../../../../arm-none-eabi/lib/thumb/v7-m/nofp\libm.a(lib_a-ef_rem_pio2.o)
 .ARM.attributes
                0x00000e0b       0x2d f:/stm32/win-dev-tools/gcc-arm-none-eabi/bin/../lib/gcc/arm-none-eabi/10.3.1/../../../../arm-none-eabi/lib/thumb/v7-m/nofp\libm.a(lib_a-kf_cos.o)
 .ARM.attributes
                0x00000e38       0x2d f:/stm32/win-dev-tools/gcc-arm-none-eabi/bin/../lib/gcc/arm-none-eabi/10.3.1/../../../../arm-none-eabi/lib/thumb/v7-m/nofp\libm.a(lib_a-kf_rem_pio2.o)
 .ARM.attributes
                0x00000e65       0x2d f:/stm32/win-dev-tools/gcc-arm-none-eabi/bin/../lib/gcc/arm-none-eabi/10.3.1/../../../../arm-none-eabi/lib/thumb/v7-m/nofp\libm.a(lib_a-kf_sin.o)
 .ARM.attributes
                0x00000e92       0x2d f:/stm32/win-dev-tools/gcc-arm-none-eabi/bin/../lib/gcc/arm-none-eabi/10.3.1/../../../../arm-none-eabi/lib/thumb/v7-m/nofp\libm.a(lib_a-sf_fabs.o)
 .ARM.attributes
                0x00000ebf       0x2d f:/stm32/win-dev-tools/gcc-arm-none-eabi/bin/../lib/gcc/arm-none-eabi/10.3.1/../../../../arm-none-eabi/lib/thumb/v7-m/nofp\libm.a(lib_a-sf_floor.o)
 .ARM.attributes
                0x00000eec       0x2d f:/stm32/win-dev-tools/gcc-arm-none-eabi/bin/../lib/gcc/arm-none-eabi/10.3.1/../../../../arm-none-eabi/lib/thumb/v7-m/nofp\libm.a(lib_a-sf_scalbn.o)
 .ARM.attributes
                0x00000f19       0x1d f:/stm32/win-dev-tools/gcc-arm-none-eabi/bin/../lib/gcc/arm-none-eabi/10.3.1/thumb/v7-m/nofp\libgcc.a(_arm_addsubdf3.o)
 .ARM.attributes
                0x00000f36       0x1d f:/stm32/win-dev-tools/gcc-arm-none-eabi/bin/../lib/gcc/arm-none-eabi/10.3.1/thumb/v7-m/nofp\libgcc.a(_arm_muldivdf3.o)
 .ARM.attributes
                0x00000f53       0x1d f:/stm32/win-dev-tools/gcc-arm-none-eabi/bin/../lib/gcc/arm-none-eabi/10.3.1/thumb/v7-m/nofp\libgcc.a(_arm_cmpdf2.o)
 .ARM.attributes
                0x00000f70       0x1d f:/stm32/win-dev-tools/gcc-arm-none-eabi/bin/../lib/gcc/arm-none-eabi/10.3.1/thumb/v7-m/nofp\libgcc.a(_arm_unorddf2.o)
 .ARM.attributes
                0x00000f8d       0x1d f:/stm32/win-dev-tools/gcc-arm-none-eabi/bin/../lib/gcc/arm-none-eabi/10.3.1/thumb/v7-m/nofp\libgcc.a(_arm_fixdfsi.o)
 .ARM.attributes
                0x00000faa       0x1d f:/stm32/win-dev-tools/gcc-arm-none-eabi/bin/../lib/gcc/arm-none-eabi/10.3.1/thumb/v7-m/nofp\libgcc.a(_arm_fixunsdfsi.o)
 .ARM.attributes
                0x00000fc7       0x1d f:/stm32/win-dev-tools/gcc-arm-none-eabi/bin/../lib/gcc/arm-none-eabi/10.3.1/thumb/v7-m/nofp\libgcc.a(_arm_truncdfsf2.o)
 .ARM.attributes
                0x00000fe4       0x1d f:/stm32/win-dev-tools/gcc-arm-none-eabi/bin/../lib/gcc/arm-none-eabi/10.3.1/thumb/v7-m/nofp\libgcc.a(_arm_addsubsf3.o)
 .ARM.attributes
                0x00001001       0x1d f:/stm32/win-dev-tools/gcc-arm-none-eabi/bin/../lib/gcc/arm-none-eabi/10.3.1/thumb/v7-m/nofp\libgcc.a(_arm_muldivsf3.o)
 .ARM.attributes
                0x0000101e       0x1d f:/stm32/win-dev-tools/gcc-arm-none-eabi/bin/../lib/gcc/arm-none-eabi/10.3.1/thumb/v7-m/nofp\libgcc.a(_arm_cmpsf2.o)
 .ARM.attributes
                0x0000103b       0x1d f:/stm32/win-dev-tools/gcc-arm-none-eabi/bin/../lib/gcc/arm-none-eabi/10.3.1/thumb/v7-m/nofp\libgcc.a(_arm_fixsfsi.o)
 .ARM.attributes
                0x00001058       0x1d f:/stm32/win-dev-tools/gcc-arm-none-eabi/bin/../lib/gcc/arm-none-eabi/10.3.1/thumb/v7-m/nofp\libgcc.a(_aeabi_uldivmod.o)
 .ARM.attributes
                0x00001075       0x2d f:/stm32/win-dev-tools/gcc-arm-none-eabi/bin/../lib/gcc/arm-none-eabi/10.3.1/thumb/v7-m/nofp\libgcc.a(_fixdfdi.o)
 .ARM.attributes
                0x000010a2       0x2d f:/stm32/win-dev-tools/gcc-arm-none-eabi/bin/../lib/gcc/arm-none-eabi/10.3.1/thumb/v7-m/nofp\libgcc.a(_fixunsdfdi.o)
 .ARM.attributes
                0x000010cf       0x2d f:/stm32/win-dev-tools/gcc-arm-none-eabi/bin/../lib/gcc/arm-none-eabi/10.3.1/thumb/v7-m/nofp\libgcc.a(_udivmoddi4.o)
 .ARM.attributes
                0x000010fc       0x1d f:/stm32/win-dev-tools/gcc-arm-none-eabi/bin/../lib/gcc/arm-none-eabi/10.3.1/thumb/v7-m/nofp\libgcc.a(_dvmd_tls.o)
 .ARM.attributes
                0x00001119       0x1d f:/stm32/win-dev-tools/gcc-arm-none-eabi/bin/../lib/gcc/arm-none-eabi/10.3.1/thumb/v7-m/nofp/crtn.o